# =============================================================================
# 维表映射配置（由 generate_dimension_map_from_schema.py 根据表结构 V1.1 生成）
# 改完后运行：python3 build_dify_bundle.py → 复制 dify_mes_dimension_node.py 到 Dify
# 手工微调后可重新运行本脚本（会覆盖）；或只改本文件后 build_dify_bundle.py
# =============================================================================
#
# 写法说明：
#   [表 表名]           一张业务主表
#   标签=               中文说明
#   关键词=             用户问题里出现这些词时，选中该表（逗号分隔）
#   别名=               SQL 里事实表别名，如 l、m
#
#   [映射 英文名]       一组「事实字段 → 维表 → 中文列」
#   字段=               事实表上的列，多个用逗号分隔
#   类型=账号           仅人员账号字段填写（开工人、完工人等）
#   可选=是             不需要时可不写；写了表示可不生成该组
#   说明=               给维护人看的备注
#   关联=别名 | 维表 | ON条件 [| 依赖=上一别名]
#   列=SQL表达式 | 中文列名
#   展示列=表达式 | 中文列名   （本表非外键列，列表须 AS 中文表头）
#   禁止=               不要这样写 SQL
#
# [全局] 下「禁止=」对所有表生效

[全局]
默认别名=l
禁止=TBL_SFC_WS_LOG 上使用 CCUSTOMER_CODE（须 CUSTOMER_CODE）
禁止=TBL_SFC_WS_LOG 上使用 CSCANNED_BARCODE（须 CSCAN_BARCODE）
禁止=FROM/JOIN 表名与 WITH (NOLOCK) 拆成两行
禁止=用 TBL_EAP_DEVICE 解析 CWC_ID（工作中心/机台须 TBL_BD_WC）
禁止=p.CPROCESS_ID 作工序主键（须 p.CID = 事实表.CPROCESS_ID）
禁止=wc.CWC_NAME AS [工序名称] 或 p.CPROCESS_NAME AS [工作中心名称]

[表 TBL_SFC_WS_LOG]
标签=生产记录表
关键词=生产记录, 报工, 工位, WS_LOG
别名=l

[映射 mo_lot]
字段=CMO_LOT
关联=mo | TBL_MO | mo.CMO_LOT = l.CMO_LOT
列=mo.CORDER_NO | 工单编号
列=mo.CMO_LOT | 工单批次
列=CASE mo.CSTATUS WHEN 2 THEN N'已发放' WHEN 5 THEN N'已取消' WHEN 6 THEN N'已暂停' WHEN 7 THEN N'外协' ELSE CAST(mo.CSTATUS AS NVARCHAR(20)) END | 工单状态

[映射 item]
字段=CITEM_ID
关联=i | TBL_BD_ITEM | i.CID = l.CITEM_ID
列=i.CITEM_NO | 料号
列=i.CITEM_NAME | 品名

[映射 process]
字段=CPROCESS_ID
关联=p | TBL_BD_PROCESS | p.CID = l.CPROCESS_ID
列=p.CPROCESS_NAME | 工序名称
列=p.CPROCESS_NO | 工序编码

[映射 work_center]
字段=CWC_ID
说明=工作中心两级：父级如开料/钻孔；子级如1#开料机。报工 CWC_ID 多为机台。
关联=wc | TBL_BD_WC | wc.CID = l.CWC_ID
关联=wc_p | TBL_BD_WC | wc_p.CID = wc.CPARENT | 依赖=wc
列=COALESCE(wc_p.CWC_NAME, wc.CWC_NAME) | 工作中心名称
列=COALESCE(wc_p.CWC_NO, wc.CWC_NO) | 工作中心编码
列=wc.CWC_NAME | 机台名称
列=wc.CWC_NO | 机台编码
禁止=用 TBL_EAP_DEVICE 解析 CWC_ID
禁止=p.CPROCESS_NAME AS [工作中心名称]
禁止=仅 wc.CWC_NAME AS [工作中心名称] 且不输出 [机台名称]
禁止=wc.CID = l.CPROCESS_ID 或 p.CID = l.CWC_ID

[映射 check_user]
字段=CCHECK_USER_NAME
类型=账号
可选=是
关联=u_c | TBL_SYS_USER | u_c.CUSER_NAME = l.CCHECK_USER_NAME
列=l.CCHECK_USER_NAME | 审核人账号
列=u_c.CDISPLAY_NAME | 审核人姓名

[映射 end_user]
字段=CEND_USER_NAME
类型=账号
关联=u_e | TBL_SYS_USER | u_e.CUSER_NAME = l.CEND_USER_NAME
列=l.CEND_USER_NAME | 完工人账号
列=u_e.CDISPLAY_NAME | 完工人姓名

[映射 start_user]
字段=CSTART_USER_NAME
类型=账号
关联=u_s | TBL_SYS_USER | u_s.CUSER_NAME = l.CSTART_USER_NAME
列=l.CSTART_USER_NAME | 开工人账号
列=u_s.CDISPLAY_NAME | 开工人姓名
禁止=CSTART_USER_NAME AS [开工人姓名] 且无 JOIN TBL_SYS_USER

展示列=l.CID | 主键ID
展示列=l.BOARD_TYPE | 板类型
展示列=l.CCHECK_REMARK | 审核备注
展示列=l.CCHECK_TIME | 审核时间
展示列=l.CEND_TIME | 完工时间
展示列=l.CIS_CHECK | 是否已审核
展示列=l.CIS_FINISH | 是否完工
展示列=l.CIS_WIP | 是否已过数
展示列=l.CLEVEL | 等级
展示列=l.CNG_NUMBER | 不良数量
展示列=l.CNUMBER_TYPE | 数量类型
展示列=l.CORDER_ID | 订单ID
展示列=l.CREMARK | 备注
展示列=l.CSCAN_BARCODE | 扫描条码
展示列=l.CSCRAP_NUMBER | 报废数量
展示列=l.CSHIFT | 班次
展示列=l.CSTART_TIME | 开工时间
展示列=CASE l.CSTATUS WHEN 0 THEN N'待审核' WHEN 1 THEN N'已通过' WHEN 2 THEN N'已驳回' ELSE CAST(l.CSTATUS AS NVARCHAR(20)) END | 状态
展示列=l.CTEMPLATE_ID | 模板ID
展示列=l.CUNIT | 单位
展示列=l.CWORK_NUMBER | 工作数量
展示列=CASE l.CWORK_TYPE WHEN 1 THEN N'正常生产记录(检验生产记录)' WHEN 2 THEN N'批量生产记录' WHEN 3 THEN N'无工单生产记录' WHEN 4 THEN N'历史记录新增' WHEN 5 THEN N'FQC生产记录' ELSE CAST(l.CWORK_TYPE AS NVARCHAR(20)) END | 工作类型

[表 TBL_MO]
标签=工单信息表
关键词=工单, MO_LOT, 批次
别名=m

[映射 item]
字段=CITEM_ID
关联=i | TBL_BD_ITEM | i.CID = m.CITEM_ID
列=i.CITEM_NO | 料号
列=i.CITEM_NAME | 品名

[映射 process]
字段=CPROCESS_ID
关联=p | TBL_BD_PROCESS | p.CID = m.CPROCESS_ID
列=p.CPROCESS_NAME | 工序名称
列=p.CPROCESS_NO | 工序编码

[映射 work_center]
字段=CWC_ID
说明=工作中心两级：父级如开料/钻孔；子级如1#开料机。报工 CWC_ID 多为机台。
关联=wc | TBL_BD_WC | wc.CID = m.CWC_ID
关联=wc_p | TBL_BD_WC | wc_p.CID = wc.CPARENT | 依赖=wc
列=COALESCE(wc_p.CWC_NAME, wc.CWC_NAME) | 工作中心名称
列=COALESCE(wc_p.CWC_NO, wc.CWC_NO) | 工作中心编码
列=wc.CWC_NAME | 机台名称
列=wc.CWC_NO | 机台编码

展示列=m.CID | 主键ID
展示列=m.CACTULA_END_TIME | 实际完成时间
展示列=m.CACTULA_START_TIME | 实际生产时间
展示列=m.CCOMPLETED_QTY | 完工数量
展示列=m.CCUST_ORDER | 客户订单
展示列=m.CIS_ACTIVITY | 是否激活
展示列=m.CIS_MANUAL | 是否手工创建
展示列=m.CLEVEL | 级别
展示列=m.CORDER_DATETIME | 工单日期
展示列=m.CORDER_NO | 工单编号
展示列=m.CPARENT_ID | 父级工单编号
展示列=m.CPLAN_END_TIME | 预计完成时间
展示列=m.CPLAN_QTY | 计划数量
展示列=m.CPLAN_START_TIME | 预计生产时间
展示列=m.CREMARK | 备注
展示列=m.CROUTE_ID | 工艺路线ID
展示列=m.CSCHEDULE_QTY | 已排产数量
展示列=m.CSEQ | 工单批次中的顺序
展示列=m.CSO_DTL_ID | 销售单明细ID
展示列=m.CSOURCE_ID | 来源ID
展示列=m.CSOURCE_ORDER_NO | 来源工单编号
展示列=CASE m.CSTATUS WHEN 2 THEN N'已发放' WHEN 5 THEN N'已取消' WHEN 6 THEN N'已暂停' WHEN 7 THEN N'外协' ELSE CAST(m.CSTATUS AS NVARCHAR(20)) END | 工单状态
展示列=m.CTYPE_ID | 工单类型ID

[表 TBL_SFC_WS_LOG_ITEM]
标签=生产记录项目明细
关键词=生产记录项目明细
别名=i

[映射 ws_log]
字段=CWS_LOG_ID
关联=sfcws | TBL_SFC_WS_LOG | sfcws.CID = i.CWS_LOG_ID
列=sfcws.CSCAN_BARCODE | 扫描条码
列=sfcws.CSTART_TIME | 开工时间

展示列=i.CID | 主键ID
展示列=i.CALARM_MAX_VALUE | 预警上限
展示列=i.CALARM_MIN_VALUE | 预警下限
展示列=i.CINPUT_VALUE | 输入值
展示列=i.CREMARK | 备注
展示列=i.CRESULT | 结果
展示列=i.CSEQ | 排序号
展示列=i.CSTANDARD_MAX_ALLOW | 标准上限是否允许等于
展示列=i.CSTANDARD_MAX_VALUE | 标准上限
展示列=i.CSTANDARD_MIN_ALLOW | 标准下限是否允许等于
展示列=i.CSTANDARD_MIN_VALUE | 标准下限
展示列=i.CSTANDARD_VALUE | 标准值
展示列=i.CSTANDARD_VALUE_TYPE | 标准值类型
展示列=i.CTEMPLATE_ITEM_CODE | 模板项编码
展示列=i.CTEMPLATE_ITEM_DESC | 模板项描述
展示列=i.CTEMPLATE_ITEM_NAME | 模板项名称
展示列=i.CTEMPLATE_ITEM_TAG | 模板项标签
展示列=i.CUNIT | 单位

[表 TBL_QM_INSPECT_RECORD]
标签=品质检验记录主表
关键词=检验记录, IPQC, FQC
别名=qir

[映射 item]
字段=CITEM_ID
关联=i | TBL_BD_ITEM | i.CID = qir.CITEM_ID
列=i.CITEM_NO | 料号
列=i.CITEM_NAME | 品名

[映射 process]
字段=CPROCESS_ID
关联=p | TBL_BD_PROCESS | p.CID = qir.CPROCESS_ID
列=p.CPROCESS_NAME | 工序名称
列=p.CPROCESS_NO | 工序编码

[映射 check_user]
字段=CCHECK_USER_NAME
类型=账号
可选=是
关联=u_c | TBL_SYS_USER | u_c.CUSER_NAME = qir.CCHECK_USER_NAME
列=qir.CCHECK_USER_NAME | 审核人账号
列=u_c.CDISPLAY_NAME | 审核人姓名

[映射 inspect_user_name_to_sys_user]
字段=CINSPECT_USER_NAME
类型=账号
关联=sysus | TBL_SYS_USER | sysus.CUSER_NAME = qir.CINSPECT_USER_NAME
列=qir.CINSPECT_USER_NAME | 检验人账号
列=sysus.CDISPLAY_NAME | 检验人姓名

[映射 lab_inspect_user_name_to_sys_user]
字段=CLAB_INSPECT_USER_NAME
类型=账号
关联=sysus2 | TBL_SYS_USER | sysus2.CUSER_NAME = qir.CLAB_INSPECT_USER_NAME
列=qir.CLAB_INSPECT_USER_NAME | 实验室检验人账号
列=sysus2.CDISPLAY_NAME | 实验室检验人姓名

[映射 lab_receive_user_name_to_sys_user]
字段=CLAB_RECEIVE_USER_NAME
类型=账号
关联=sysus3 | TBL_SYS_USER | sysus3.CUSER_NAME = qir.CLAB_RECEIVE_USER_NAME
列=qir.CLAB_RECEIVE_USER_NAME | 实验室接收人账号
列=sysus3.CDISPLAY_NAME | 实验室接收人姓名

展示列=qir.CID | 主键ID
展示列=qir.CCHECK_REMARK | 审核备注
展示列=qir.CCHECK_TIME | 审核时间
展示列=qir.CDECISION_MODE | 判定模式
展示列=qir.CINSPECT_CODE | 检验单号
展示列=qir.CINSPECT_QTY | 检验数量
展示列=qir.CINSPECT_TIME | 检验时间
展示列=qir.CINSPECT_TYPE | 检验类型
展示列=qir.CIS_LAB | 是否送实验室
展示列=qir.CLAB_INSPECT_REMARK | 实验室检验备注
展示列=qir.CLAB_INSPECT_TIME | 实验室检验时间
展示列=qir.CLAB_RECEIVE_TIME | 实验室接收时间
展示列=qir.CNG_DISPOSAL | 不良处置
展示列=qir.CREMARK | 备注
展示列=qir.CRESULT | 检验结果
展示列=qir.CSCAN_BARCODE | 扫描条码
展示列=qir.CSHIFT | 班次
展示列=qir.CSTATUS | 状态
展示列=qir.CSUBMIT_QTY | 报检数量
展示列=qir.CTEMPLATE_ID | 模板ID
展示列=qir.CUNIT | 单位

[表 TBL_WMS_PI]
标签=出入库主表
关键词=入库, PI
别名=pi

[映射 warehouse]
字段=CWAREHOUSE_ID
关联=wh | TBL_WMS_WAREHOUSE | wh.CID = pi.CWAREHOUSE_ID
列=wh.CWAREHOUSE_NAME | 仓库名称
列=wh.CWAREHOUSE_CODE | 仓库编码

展示列=pi.CID | 主键ID
展示列=pi.CBILL_SOURCE | 单据来源
展示列=pi.CBILL_TYPE | 单据类型
展示列=pi.CCUSTOMER_CODE | 客户编码
展示列=pi.CDEPT_CODE | 部门编码
展示列=pi.CERP_STATUS | ERP接口状态
展示列=pi.COPERATE_TYPE | 操作类型
展示列=pi.CPI_DATETIME | 业务日期
展示列=pi.CPI_NO | 单号
展示列=pi.CRB_FLAG | 红蓝标识
展示列=pi.CREMARK | 备注
展示列=pi.CSALESMAN_CODE | 业务员编码
展示列=pi.CSOURCE_ID | 来源ID
展示列=pi.CSR_FLAG | 收发标志
展示列=pi.CWAREHOUSE_USER | 仓管员

[表 TBL_EAP_ALARM]
标签=设备报警记录
关键词=设备报警, 报警记录
别名=ea

[映射 device]
字段=CDEVICE_ID
关联=d | TBL_EAP_DEVICE | d.CDEVICE_ID = ea.CDEVICE_ID
列=d.CDEVICE_NAME | 设备名称
列=d.CDEVICE_ID | 设备编号

[映射 user_created]
字段=CUSER_CREATED
类型=账号
关联=sysus | TBL_SYS_USER | sysus.CUSER_NAME = ea.CUSER_CREATED
列=ea.CUSER_CREATED | 创建人账号
列=sysus.CDISPLAY_NAME | 创建人姓名

展示列=ea.CID | 主键ID
展示列=ea.CALARM_LEVEL | 报警等级
展示列=ea.CDATETIME_CREATED | 创建时间
展示列=ea.CDATETIME_MODIFIED | 修改时间
展示列=ea.CEND_TIME | 报警结束时间
展示列=ea.CERROR_ID | 报警类型ID
展示列=ea.CERROR_MESSAGE | 报警信息
展示列=ea.CERROR_NO | 报警编码
展示列=ea.CITEM_NO | 料号
展示列=ea.CLOT_NO | 批次号
展示列=ea.CORDER_NO | 工单号
展示列=ea.CSTART_TIME | 报警开始时间

[表 TBL_EAM_REPAIR]
标签=维修工单主表
关键词=维修, 报修
别名=er

[映射 work_center]
字段=CWC_ID
说明=工作中心两级：父级如开料/钻孔；子级如1#开料机。报工 CWC_ID 多为机台。
关联=wc | TBL_BD_WC | wc.CID = er.CWC_ID
关联=wc_p | TBL_BD_WC | wc_p.CID = wc.CPARENT | 依赖=wc
列=COALESCE(wc_p.CWC_NAME, wc.CWC_NAME) | 工作中心名称
列=COALESCE(wc_p.CWC_NO, wc.CWC_NO) | 工作中心编码
列=wc.CWC_NAME | 机台名称
列=wc.CWC_NO | 机台编码

[映射 error_id_to_eam_error_co]
字段=CERROR_ID
关联=eamer | TBL_EAM_ERROR_CODE | eamer.CID = er.CERROR_ID
列=eamer.CERROR_CODE | 故障代码
列=eamer.CERROR_NAME | 故障名称

[映射 apply_man]
字段=CAPPLY_MAN
类型=账号
关联=u_apply | TBL_SYS_USER | u_apply.CUSER_NAME = er.CAPPLY_MAN
列=er.CAPPLY_MAN | 报修人工号
列=u_apply.CDISPLAY_NAME | 报修人姓名
禁止=CAPPLY_MAN AS [报修人姓名] 且无 JOIN TBL_SYS_USER

[映射 assignment_man]
字段=CASSIGNMENT_MAN
类型=账号
关联=u_assign | TBL_SYS_USER | u_assign.CUSER_NAME = er.CASSIGNMENT_MAN
列=er.CASSIGNMENT_MAN | 指派人工号
列=u_assign.CDISPLAY_NAME | 指派人姓名
禁止=CASSIGNMENT_MAN AS [指派人姓名] 且无 JOIN TBL_SYS_USER

[映射 close_man]
字段=CCLOSE_MAN
类型=账号
关联=u_close | TBL_SYS_USER | u_close.CUSER_NAME = er.CCLOSE_MAN
列=er.CCLOSE_MAN | 关闭人工号
列=u_close.CDISPLAY_NAME | 关闭人姓名
禁止=CCLOSE_MAN AS [关闭人姓名] 且无 JOIN TBL_SYS_USER

[映射 repair_man]
字段=CREPAIR_MAN
类型=账号
关联=u_repair | TBL_SYS_USER | u_repair.CUSER_NAME = er.CREPAIR_MAN
列=er.CREPAIR_MAN | 维修人工号
列=u_repair.CDISPLAY_NAME | 维修人姓名
禁止=CREPAIR_MAN AS [维修人姓名] 且无 JOIN TBL_SYS_USER

[映射 audit_user]
字段=CAUDIT_USERNAME
类型=账号
关联=u_audit | TBL_SYS_USER | u_audit.CUSER_NAME = er.CAUDIT_USERNAME
列=er.CAUDIT_USERNAME | 审核/驳回人账号
列=u_audit.CDISPLAY_NAME | 审核/驳回人姓名
禁止=CAUDIT_USERNAME AS [审核/驳回人姓名] 且无 JOIN TBL_SYS_USER

展示列=er.CID | 主键ID
展示列=er.CAPPLY_DATE | 报修时间
展示列=er.CASSIGNMENT_DATE | 指派时间
展示列=er.CAUDIT_DEPARTMNT | 审核部门
展示列=er.CAUDIT_STATUS | 审核状态
展示列=er.CCAUSE | 故障根因
展示列=er.CCLOSE_DATE | 关闭时间
展示列=er.CDEMAND_DATE | 要求完成时间
展示列=er.CEND_REPAIR_DATE | 结束维修时间
展示列=er.CERROR_DESC | 故障描述
展示列=er.CERROR_REASON | 故障原因描述
展示列=er.CIS_PRODUCT | 是否停产
展示列=er.CIS_URGENT | 是否紧急
展示列=er.CPLAN_COMPLETE_DATE | 计划完成时间
展示列=er.CPRIORITY | 优先级
展示列=er.CREMARK | 备注
展示列=er.CREPAIR_CODE | 维修单编号
展示列=er.CREPAIR_DESC | 维修措施说明
展示列=er.CSCORE | 评分
展示列=er.CSTART_REPAIR_DATE | 开始维修时间
展示列=er.CSTATUS | 工单状态
展示列=er.CWAIT_MATERIAL_DATE | 开始待料时间
展示列=er.CWC_CHILDREN | 设备故障子节点

[表 TBL_MEP_MATERIAL_PARAM]
标签=重点物料参数维护
关键词=重点物料参数维护
别名=mmp

[映射 item]
字段=CITEM_ID
关联=i | TBL_BD_ITEM | i.CID = mmp.CITEM_ID
列=i.CITEM_NO | 料号
列=i.CITEM_NAME | 品名

[映射 process]
字段=CPROCESS_ID
关联=p | TBL_BD_PROCESS | p.CID = mmp.CPROCESS_ID
列=p.CPROCESS_NAME | 工序名称
列=p.CPROCESS_NO | 工序编码

[映射 confirmed_user]
字段=CCONFIRMED_USER
类型=账号
关联=sysus | TBL_SYS_USER | sysus.CUSER_NAME = mmp.CCONFIRMED_USER
列=mmp.CCONFIRMED_USER | 确认人账号
列=sysus.CDISPLAY_NAME | 确认人姓名

展示列=mmp.CID | 主键ID
展示列=mmp.CCONFIRMATION_TIME | 确认时间
展示列=mmp.CCONTROL_PLANS | 控制计划
展示列=mmp.CDELIVERY_DATE | 交货日期
展示列=mmp.CENTER_DATE | 下单日期
展示列=mmp.CGROUP | 需确认组
展示列=mmp.CNOTES | 资料难点和注意事项
展示列=mmp.CNPI_STATUS | NPI状态
展示列=mmp.CQUANTITY | 数量
展示列=mmp.CREASON | 跟进原因
展示列=mmp.CSTATUS | 状态
展示列=mmp.CTYPE | 类型

[表 TBL_BD_GROUP_MEMBERS_LINK]
标签=组别与成员关系映射表
关键词=组别与成员关系映射表
别名=bgm

[映射 group]
字段=GROUP_ID
关联=grp | TBL_BD_GROUP | grp.CID = bgm.GROUP_ID
列=grp.CGROUP_NAME | 组别名称
列=grp.CGROUP_NO | 组别编码

[映射 user]
字段=USER_ID
关联=sysus | TBL_SYS_USER | sysus.CID = bgm.USER_ID
列=sysus.CDISPLAY_NAME | 用户姓名
列=sysus.CUSER_NAME | 用户账号

展示列=bgm.CID | 主键ID

[表 TBL_BD_ITEM]
标签=产品和物料信息表
关键词=产品和物料信息表
别名=bi

[映射 item_type]
字段=CITEM_TYPE_ID
关联=typ | TBL_BD_ITEM_TYPE | typ.CID = bi.CITEM_TYPE_ID
列=typ.CITEM_TYPE_NAME | 物料类型名称
列=typ.CITEM_TYPE_NO | 物料类型编码

[映射 customer]
字段=CUSTOMER_CODE
关联=cust | TBL_BD_CUSTOMER | cust.CUSTOMER_NO = bi.CUSTOMER_CODE
列=cust.CUSTOMER_NAME | 客户名称
列=cust.CUSTOMER_NO | 客户编号

展示列=bi.CID | 主键ID
展示列=bi.CBOX_QTY | 每箱标准数
展示列=bi.CCUSTOMER_MATER_NAME | 客户物料名称
展示列=bi.CCUSTOMER_MATER_NO | 客户物料编号
展示列=bi.CCUSTOMER_MATERIAL | 客户材料
展示列=bi.CCUSTOMER_MODEL | 客户型号
展示列=bi.CHEIGHT | 高度
展示列=bi.CITEM_DESC | 产品描述
展示列=bi.CITEM_NAME | 产品名称
展示列=bi.CITEM_NO | 产品编号
展示列=bi.CITEM_SOURCE | 产品来源
展示列=bi.CITEM_SPEC | 产品规格
展示列=bi.CITEM_VERSION | 产品版本
展示列=bi.CITEM_WEIGHT | 产品单重
展示列=bi.CLEN | 长度
展示列=bi.CPACKAGE_QTY | 单包数量
展示列=bi.CPLATE_WEIGHT | 隔板重量
展示列=bi.CROUTE_ID | 工艺路线ID
展示列=bi.CTYPE | 类型
展示列=bi.CWIDTH | 宽度

[表 TBL_BD_ITEM_ATTR]
标签=产品属性
关键词=产品属性
别名=bia

[映射 item]
字段=CITEM_ID
关联=i | TBL_BD_ITEM | i.CID = bia.CITEM_ID
列=i.CITEM_NO | 料号
列=i.CITEM_NAME | 品名

展示列=bia.CID | 主键ID
展示列=bia.CITEM_A_ID | 物料属性配置ID
展示列=bia.CPARAM_KEY | 属性键
展示列=bia.CPARAM_VALUE | 属性值

[表 TBL_BD_ITEM_INSPECTION_STANDARD]
标签=物料检验标准配置表
关键词=物料检验标准配置表
别名=bii

[映射 item]
字段=CITEM_ID
关联=i | TBL_BD_ITEM | i.CID = bii.CITEM_ID
列=i.CITEM_NO | 料号
列=i.CITEM_NAME | 品名

[映射 process]
字段=CPROCESS_ID
关联=p | TBL_BD_PROCESS | p.CID = bii.CPROCESS_ID
列=p.CPROCESS_NAME | 工序名称
列=p.CPROCESS_NO | 工序编码

展示列=bii.CID | 主键ID
展示列=bii.CCOMPARE_SYMBOL | 比较符号
展示列=bii.CINSPECTION_TYPE | 检验类型
展示列=bii.CMAX_STANDARD | 标准上限
展示列=bii.CMAX_TOLERANCE | 最大公差
展示列=bii.CMAX_WARN | 预警值上限
展示列=bii.CMIN_STANDARD | 标准下限
展示列=bii.CMIN_TOLERANCE | 最小公差
展示列=bii.CMIN_WARN | 预警值下限
展示列=bii.CREAL_MAX_STANDARD | 实际标准上限
展示列=bii.CREAL_MIN_STANDARD | 实际标准下限
展示列=bii.CREMARK | 备注
展示列=bii.CSTANDARD | 标准文本值
展示列=bii.CTEMP_ID | 模板ID
展示列=bii.CTEMP_ITEM_ID | 模板项ID
展示列=bii.CTYPE | 标准类型

[表 TBL_BD_PROCESS_OUTS]
标签=外协产品工序表
关键词=外协产品工序表
别名=bpo

[映射 process]
字段=CPROCESS_ID
关联=p | TBL_BD_PROCESS | p.CID = bpo.CPROCESS_ID
列=p.CPROCESS_NAME | 工序名称
列=p.CPROCESS_NO | 工序编码

展示列=bpo.CID | 主键ID
展示列=bpo.CPROCESS_CONTROL_TYPE | 工序管控类型
展示列=bpo.CPROCESS_DESC | 工序描述
展示列=bpo.CPROCESS_NAME | 工序名称
展示列=bpo.CPROCESS_NO | 工序编码
展示列=bpo.CPROCESS_SHORT_CODE | 工序简称
展示列=bpo.CPRODUCT_ITEM_NO | 外协产品料号

[表 TBL_BD_WC_ITEMTYPE_LINK]
标签=工作中心关联模板
关键词=工作中心关联模板
别名=bwi

[映射 work_center]
字段=CWC_ID
说明=工作中心两级：父级如开料/钻孔；子级如1#开料机。报工 CWC_ID 多为机台。
关联=wc | TBL_BD_WC | wc.CID = bwi.CWC_ID
关联=wc_p | TBL_BD_WC | wc_p.CID = wc.CPARENT | 依赖=wc
列=COALESCE(wc_p.CWC_NAME, wc.CWC_NAME) | 工作中心名称
列=COALESCE(wc_p.CWC_NO, wc.CWC_NO) | 工作中心编码
列=wc.CWC_NAME | 机台名称
列=wc.CWC_NO | 机台编码

[映射 item_type]
字段=CITEM_TYPE_ID
关联=typ | TBL_BD_ITEM_TYPE | typ.CID = bwi.CITEM_TYPE_ID
列=typ.CITEM_TYPE_NAME | 物料类型名称
列=typ.CITEM_TYPE_NO | 物料类型编码

展示列=bwi.CID | 主键ID
展示列=bwi.CREMARK | 备注

[表 TBL_BD_WC_PROCESS_LINK]
标签=工作中心与工序关系表
关键词=工作中心与工序关系表
别名=bwp

[映射 work_center]
字段=CWC_ID
说明=工作中心两级：父级如开料/钻孔；子级如1#开料机。报工 CWC_ID 多为机台。
关联=wc | TBL_BD_WC | wc.CID = bwp.CWC_ID
关联=wc_p | TBL_BD_WC | wc_p.CID = wc.CPARENT | 依赖=wc
列=COALESCE(wc_p.CWC_NAME, wc.CWC_NAME) | 工作中心名称
列=COALESCE(wc_p.CWC_NO, wc.CWC_NO) | 工作中心编码
列=wc.CWC_NAME | 机台名称
列=wc.CWC_NO | 机台编码

[映射 process]
字段=CPROCESS_ID
关联=p | TBL_BD_PROCESS | p.CID = bwp.CPROCESS_ID
列=p.CPROCESS_NAME | 工序名称
列=p.CPROCESS_NO | 工序编码

展示列=bwp.CID | 主键ID
展示列=bwp.CSEQ | 工序顺序

[表 TBL_DEVICE_SPEED_PARAMS]
标签=设备速度参数配置表
关键词=设备速度参数配置表
别名=dsp

[映射 device]
字段=CDEVICE_ID
关联=d | TBL_EAP_DEVICE | d.CDEVICE_ID = dsp.CDEVICE_ID
列=d.CDEVICE_NAME | 设备名称
列=d.CDEVICE_ID | 设备编号

[映射 tag]
字段=CTAG_ID
关联=tag | TBL_EAP_TAG | tag.CTAG_ID = dsp.CTAG_ID
列=tag.CTAG_NAME | 测点名称
列=tag.CTAG_ID | 测点ID

展示列=dsp.CID | 主键ID
展示列=dsp.CDEVICE_NAME | 设备名称
展示列=dsp.CSPEED | 速度参数值
展示列=dsp.CTAG_NAME | 测点名称

[表 TBL_EAM_EQUIPMENT]
标签=设备主数据表
关键词=设备主数据表
别名=ee

[映射 work_center]
字段=CWC_ID
说明=工作中心两级：父级如开料/钻孔；子级如1#开料机。报工 CWC_ID 多为机台。
关联=wc | TBL_BD_WC | wc.CID = ee.CWC_ID
关联=wc_p | TBL_BD_WC | wc_p.CID = wc.CPARENT | 依赖=wc
列=COALESCE(wc_p.CWC_NAME, wc.CWC_NAME) | 工作中心名称
列=COALESCE(wc_p.CWC_NO, wc.CWC_NO) | 工作中心编码
列=wc.CWC_NAME | 机台名称
列=wc.CWC_NO | 机台编码

展示列=ee.CID | 主键ID
展示列=ee.CAPPROACH_DATE | 进厂日期
展示列=ee.CASSET_NUMBER | 资产编号
展示列=ee.CBRAND | 品牌
展示列=ee.CCAPACITY | 产能
展示列=ee.CDEPT_ID | 责任部门ID
展示列=ee.CDUTY_DEPT_NO | 责任部门编号
展示列=ee.CDUTY_PERSON_NO | 责任人工号
展示列=ee.CENTER_DATE | 验收日期
展示列=ee.CEQUIPMENT_CODE | 设备编码
展示列=ee.CEQUIPMENT_MODEL | 设备型号
展示列=ee.CEQUIPMENT_NAME | 设备名称
展示列=ee.CEQUIPMENT_SUPPLIER | 设备供应商
展示列=ee.CFACTORY_EQUIPMENT_CODE | 厂内设备编码
展示列=ee.CIS_CONNECT | 是否联网
展示列=ee.CLIABLE_PERSON | 责任人
展示列=ee.CLINK | 联系方式
展示列=ee.CMANUFACTURING_DATE | 出厂日期
展示列=ee.CPURCHASE_WAY | 采购方式
展示列=ee.CQTY | 数量
展示列=ee.CREMARK | 备注
展示列=ee.CSPEC | 规格
展示列=ee.CSTATUS | 设备状态
展示列=ee.CSUPPLIER_NO | 供应商编号
展示列=ee.CTYPE_ID | 设备类型ID
展示列=ee.CUSE_DEPT_NO | 使用部门编号
展示列=ee.CWORK_CENTER_CID | 工作中心CID
展示列=ee.CWORK_SHOP_NO | 车间编号
展示列=ee.CWORKSHOP | 车间

[表 TBL_EAM_MAINTAIN_TASK]
标签=保养任务主表
关键词=保养任务, 保养, 维护任务, 保养任务主表, EAM_MAINTAIN
别名=emt

[映射 temp_id_to_np_template]
字段=CTEMP_ID
关联=nptem | TBL_NP_TEMPLATE | nptem.CID = emt.CTEMP_ID
列=nptem.CTEMPLATE_NAME | 模板名称

[映射 work_center]
字段=CWC_ID
说明=工作中心两级：父级如开料/钻孔；子级如1#开料机。报工 CWC_ID 多为机台。
关联=wc | TBL_BD_WC | wc.CID = emt.CWC_ID
关联=wc_p | TBL_BD_WC | wc_p.CID = wc.CPARENT | 依赖=wc
列=COALESCE(wc_p.CWC_NAME, wc.CWC_NAME) | 工作中心名称
列=COALESCE(wc_p.CWC_NO, wc.CWC_NO) | 工作中心编码
列=wc.CWC_NAME | 机台名称
列=wc.CWC_NO | 机台编码

[映射 task_status]
字段=CTASK_STATUS
说明=任务状态码须译码为中文（0待执行/1已执行/2已关闭），禁止裸列
列=CASE CAST(emt.CTASK_STATUS AS INT) WHEN 0 THEN N'待执行' WHEN 1 THEN N'已执行' WHEN 2 THEN N'已关闭(未执行)' ELSE CAST(emt.CTASK_STATUS AS NVARCHAR(20)) END | 任务状态
禁止=emt.CTASK_STATUS AS [任务状态]
禁止=CTASK_STATUS AS [任务状态]

展示列=emt.CID | 主键ID
展示列=emt.CAPPROVAL_ID | 审批流ID
展示列=emt.CAPPROVAL_STATUS | 审批状态
展示列=emt.CBASE_TASK_NO | 基准任务编号
展示列=emt.CCHECK_REMARK | 点检备注
展示列=emt.CCHECK_STATUS | 点检状态
展示列=emt.CEMPOLYEE_NAME | 执行人姓名
展示列=emt.CEMPOLYEE_NO | 执行人工号
展示列=emt.CIS_INTERVAL | 是否按间隔生成任务
展示列=emt.CMAINTAIN_TIME | 保养执行时间
展示列=emt.CREMARK | 备注
展示列=emt.CRESULT | 保养结果
展示列=emt.CTASK_CREATED_TIME | 任务创建时间
展示列=emt.CTASK_NO | 任务编码
展示列=emt.CTASK_STAND_TIME_E | 标准结束时间
展示列=emt.CTASK_STAND_TIME_S | 标准开始时间
展示列=emt.CTASK_TAG | 任务标签
展示列=emt.CTASK_TYPE | 任务类型
展示列=emt.CTEMP_NAME | 模板名称
展示列=emt.CTEMP_NO | 模板编号

[表 TBL_EAM_MAINTAIN_TASK_CHANGE_LOG]
标签=保养任务时间变更日志表
关键词=保养任务时间变更日志表
别名=emt

[映射 task_id_to_eam_maintain]
字段=CTASK_ID
关联=eamma | TBL_EAM_MAINTAIN_TASK | eamma.CID = emt.CTASK_ID
列=eamma.CBASE_TASK_NO | 基准任务编号
列=eamma.CEMPOLYEE_NAME | 执行人姓名
列=eamma.CEMPOLYEE_NO | 执行人工号
列=eamma.CTASK_NO | 任务编码

展示列=emt.CID | 主键ID
展示列=emt.CNEW_TIME | 新计划时间
展示列=emt.COLD_TIME | 原计划时间
展示列=emt.CREMARK | 备注

[表 TBL_EAM_MAINTAIN_TASK_ITEM]
标签=保养任务明细表
关键词=保养任务明细表
别名=emt

[映射 hid_to_eam_maintain]
字段=CHID
关联=eamma | TBL_EAM_MAINTAIN_TASK | eamma.CID = emt.CHID
列=eamma.CBASE_TASK_NO | 基准任务编号
列=eamma.CEMPOLYEE_NAME | 执行人姓名
列=eamma.CEMPOLYEE_NO | 执行人工号
列=eamma.CTASK_NO | 任务编码

展示列=emt.CID | 主键ID
展示列=emt.CALARM_MAX | 报警上限
展示列=emt.CALARM_MIN | 报警下限
展示列=emt.CDEFAULT_VALUE | 默认值
展示列=emt.CINPUT_TYPE | 输入类型
展示列=emt.CINPUT_VALUE | 输入值
展示列=emt.CIS_CHECK_RESULT | 是否校验结果
展示列=emt.CIS_INTERVAL | 是否按间隔生成任务
展示列=emt.CIS_KEY_ITEM | 是否关键项
展示列=emt.CIS_MUST | 是否必填
展示列=emt.CIS_MUST_UPLOAD_IMG | 是否必须上传图片
展示列=emt.CIS_REGULAR | 是否正则校验
展示列=emt.CIS_SERVICE_CHECK | 是否服务校验
展示列=emt.CIS_SHOW_STANDARD | 是否显示标准值
展示列=emt.CIS_SHOW_UPLOAD_IMG | 是否显示上传图片入口
展示列=emt.CITEM_DESC | 项目描述
展示列=emt.CITEM_FREQ | 项目频次
展示列=emt.CITEM_NAME | 项目名称
展示列=emt.CITEM_NO | 项目编号
展示列=emt.CITEM_TAG | 项目标记
展示列=emt.CLIST_SOURCE | 下拉数据源
展示列=emt.CREGULAR | 正则表达式
展示列=emt.CREGULAR_TIPS | 正则提示
展示列=emt.CREMARK | 备注
展示列=emt.CRESULT | 检查结果
展示列=emt.CSEQ | 排序
展示列=emt.CSERVICE | 服务地址
展示列=emt.CSTANDARD_VALUE | 标准值
展示列=emt.CTEMP_ID | 模板ID
展示列=emt.CUNIT | 单位
展示列=emt.CWARM_MAX | 预警上限
展示列=emt.CWARM_MIN | 预警下限

[表 TBL_EAM_MAINTAIN_TASK_ITEM_IMG]
标签=保养任务明细图片表
关键词=保养任务明细图片表
别名=emt

[映射 item_id_to_eam_maintain]
字段=CITEM_ID
关联=eamma | TBL_EAM_MAINTAIN_TASK_ITEM | eamma.CID = emt.CITEM_ID
列=eamma.CITEM_NAME | 项目名称
列=eamma.CITEM_NO | 项目编号

展示列=emt.CID | 主键ID
展示列=emt.CIMAGE_PATH | 图片路径

[表 TBL_EAM_MAINTAIN_TEMP_WC_LINK]
标签=保养模板与工作中心关联表
关键词=保养模板与工作中心关联表
别名=emt

[映射 temp_id_to_np_template]
字段=CTEMP_ID
关联=nptem | TBL_NP_TEMPLATE | nptem.CID = emt.CTEMP_ID
列=nptem.CTEMPLATE_NAME | 模板名称

[映射 work_center]
字段=CWC_ID
说明=工作中心两级：父级如开料/钻孔；子级如1#开料机。报工 CWC_ID 多为机台。
关联=wc | TBL_BD_WC | wc.CID = emt.CWC_ID
关联=wc_p | TBL_BD_WC | wc_p.CID = wc.CPARENT | 依赖=wc
列=COALESCE(wc_p.CWC_NAME, wc.CWC_NAME) | 工作中心名称
列=COALESCE(wc_p.CWC_NO, wc.CWC_NO) | 工作中心编码
列=wc.CWC_NAME | 机台名称
列=wc.CWC_NO | 机台编码

展示列=emt.CID | 主键ID

[表 TBL_EAM_PM_TEMP_WC_LINK]
标签=模板关联工作中心
关键词=模板关联工作中心
别名=ept

[映射 temp_id_to_np_template]
字段=CTEMP_ID
关联=nptem | TBL_NP_TEMPLATE | nptem.CID = ept.CTEMP_ID
列=nptem.CTEMPLATE_NAME | 模板名称

[映射 work_center]
字段=CWC_ID
说明=工作中心两级：父级如开料/钻孔；子级如1#开料机。报工 CWC_ID 多为机台。
关联=wc | TBL_BD_WC | wc.CID = ept.CWC_ID
关联=wc_p | TBL_BD_WC | wc_p.CID = wc.CPARENT | 依赖=wc
列=COALESCE(wc_p.CWC_NAME, wc.CWC_NAME) | 工作中心名称
列=COALESCE(wc_p.CWC_NO, wc.CWC_NO) | 工作中心编码
列=wc.CWC_NAME | 机台名称
列=wc.CWC_NO | 机台编码

展示列=ept.CID | 主键ID

[表 TBL_EAM_REPAIR_IMG]
标签=维修图片记录表
关键词=维修图片记录表
别名=eri

[映射 repair_id_to_eam_repair]
字段=CREPAIR_ID
关联=eamre | TBL_EAM_REPAIR | eamre.CID = eri.CREPAIR_ID
列=eamre.CAUDIT_USERNAME | 审核/驳回人
列=eamre.CODE | 用户工号
列=eamre.CREPAIR_CODE | 维修单编号
列=eamre.NAME | 用户姓名

展示列=eri.CID | 主键ID
展示列=eri.CIMAGE_PATH | 图片路径
展示列=eri.CTYPE | 图片类型

[表 TBL_EAM_REPAIR_MAN]
标签=指派人员列表
关键词=指派人员列表
别名=erm

[映射 repair_id_to_eam_repair]
字段=CREPAIR_ID
关联=eamre | TBL_EAM_REPAIR | eamre.CID = erm.CREPAIR_ID
列=eamre.CAUDIT_USERNAME | 审核/驳回人
列=eamre.CODE | 用户工号
列=eamre.CREPAIR_CODE | 维修单编号
列=eamre.NAME | 用户姓名

展示列=erm.CID | 主键ID
展示列=erm.CREPAIR_CODE | 维修单编号
展示列=erm.CREPAIR_MAN_CODE_PRE | 指派人账号
展示列=erm.CREPAIR_MAN_NAME_PRE | 指派人名称

[表 TBL_EAM_REPAIR_MATERIAL]
标签=维修耗材记录表
关键词=维修耗材记录表
别名=erm

[映射 repair_id_to_eam_repair]
字段=CREPAIR_ID
关联=eamre | TBL_EAM_REPAIR | eamre.CID = erm.CREPAIR_ID
列=eamre.CAUDIT_USERNAME | 审核/驳回人
列=eamre.CODE | 用户工号
列=eamre.CREPAIR_CODE | 维修单编号
列=eamre.NAME | 用户姓名

展示列=erm.CID | 主键ID
展示列=erm.CMATERIAL_NAME | 物料名称
展示列=erm.CMATERIAL_SPEC | 物料规格
展示列=erm.CQTY | 数量

[表 TBL_EAP_ALARM_CONTROL_LINK]
标签=设备报警项关联配置表
关键词=设备报警项关联配置表
别名=eac

[映射 device]
字段=CDEVICE_ID
关联=d | TBL_EAP_DEVICE | d.CDEVICE_ID = eac.CDEVICE_ID
列=d.CDEVICE_NAME | 设备名称
列=d.CDEVICE_ID | 设备编号

展示列=eac.CID | 主键ID
展示列=eac.CALARM_NAME | 报警名称
展示列=eac.CREMARK | 备注
展示列=eac.CTAG_ID | 测点ID

[表 TBL_EAP_AOI_DETECTIONS]
标签=AOI或者VRS数据主表
关键词=AOI或者VRS数据主表
别名=ead

[映射 device]
字段=CDEVICE_ID
关联=d | TBL_EAP_DEVICE | d.CDEVICE_ID = ead.CDEVICE_ID
列=d.CDEVICE_NAME | 设备名称
列=d.CDEVICE_ID | 设备编号

[映射 user_created]
字段=CUSER_CREATED
类型=账号
关联=sysus | TBL_SYS_USER | sysus.CUSER_NAME = ead.CUSER_CREATED
列=ead.CUSER_CREATED | 创建人账号
列=sysus.CDISPLAY_NAME | 创建人姓名

展示列=ead.CID | 主键ID
展示列=ead.CBARCODE | 板码
展示列=ead.CBRAND | 品牌
展示列=ead.CDATETIME_CREATED | 创建时间
展示列=ead.CDATETIME_MODIFIED | 修改时间
展示列=ead.CITEM_NO | 料号
展示列=ead.CLAYER | 层别
展示列=ead.CLOT_NO | 批次号
展示列=ead.CMAP_ITEM_NO | 映射料号
展示列=ead.CORDER_NO | 工单号
展示列=ead.CPRINT_CODE | 印码
展示列=ead.CRESULT | 检测结果
展示列=ead.CTEST_END_TIME | 测试结束时间
展示列=ead.CTEST_START_TIME | 测试开始时间
展示列=ead.CTEST_TIME | 检测时间
展示列=ead.CTOTAL_QTY | 总数量

[表 TBL_EAP_AOI_DETECTIONS_DTL]
标签=AOI或VRS状态明细表
关键词=AOI或VRS状态明细表
别名=ead

[映射 detection_id_to_eap_aoi_dete]
字段=CDETECTION_ID
关联=eapao | TBL_EAP_AOI_DETECTIONS | eapao.CID = ead.CDETECTION_ID
列=eapao.CBARCODE | 板码
列=eapao.CITEM_NO | 料号
列=eapao.CLOT_NO | 批次号
列=eapao.CMAP_ITEM_NO | 映射料号

展示列=ead.CID | 主键ID
展示列=ead.CDATETIME_CREATED | 创建时间
展示列=ead.CDATETIME_MODIFIED | 修改时间
展示列=ead.CDEFECT_NO | 缺陷编号
展示列=ead.CIMG_PATH | 图片路径
展示列=ead.CIS_FLAG | 标记位
展示列=ead.CNG_CONTENT | NG内容
展示列=ead.CNG_NO | NG编号
展示列=ead.COORDINATE_X | X坐标
展示列=ead.COORDINATE_Y | Y坐标
展示列=ead.CPOSITION | 位置
展示列=ead.CSERVER_IMG_PATH | 服务器上图片路径

[表 TBL_EAP_BT_PARAM_DTL]
标签=班通参数明细表
关键词=班通参数明细表
别名=ebp

[映射 main_id_to_eap_bt_param]
字段=CMAIN_ID
关联=eapbt | TBL_EAP_BT_PARAM | eapbt.CID = ebp.CMAIN_ID
列=eapbt.CITEM_NO | 料号
列=eapbt.CLAYER_NAME | 层别名称

展示列=ebp.CID | 主键ID
展示列=ebp.CDATA_TYPE | 数据类型
展示列=ebp.CMAX_VALUE | 最大值
展示列=ebp.CMEASURE_ITEM_NAME | 测量项目名称
展示列=ebp.CMEASURE_TYPE | 测量类型
展示列=ebp.CMIN_VALUE | 最小值
展示列=ebp.CSTAND_VALUE | 标准值

[表 TBL_EAP_CURRENT_DATA]
标签=联机测点TAG实时状态表
关键词=联机测点TAG实时状态表
别名=ecd

[映射 device]
字段=CDEVICE_ID
关联=d | TBL_EAP_DEVICE | d.CDEVICE_ID = ecd.CDEVICE_ID
列=d.CDEVICE_NAME | 设备名称
列=d.CDEVICE_ID | 设备编号

[映射 tag]
字段=CTAG_ID
关联=tag | TBL_EAP_TAG | tag.CTAG_ID = ecd.CTAG_ID
列=tag.CTAG_NAME | 测点名称
列=tag.CTAG_ID | 测点ID

展示列=ecd.CID | 主键ID
展示列=ecd.CDATETIME_MODIFIED | 修改时间
展示列=ecd.CDEVICE_NAME | 设备名称
展示列=ecd.CDEVICE_SERIAL | 设备序号
展示列=ecd.CDT | 数据时间
展示列=ecd.CSERVER_SERIAL | 服务器序号
展示列=ecd.CTAG_NAME | 测点名称
展示列=ecd.CTYPE | 数据类型
展示列=ecd.CVALUE | 数值
展示列=ecd.CVALUE_STRING | 字符串值
展示列=ecd.CVALUE_TYPE | 值类型

[表 TBL_EAP_DATA]
标签=EAP采集数据表
关键词=EAP采集数据表
别名=ed

[映射 device]
字段=CDEVICE_ID
关联=d | TBL_EAP_DEVICE | d.CDEVICE_ID = ed.CDEVICE_ID
列=d.CDEVICE_NAME | 设备名称
列=d.CDEVICE_ID | 设备编号

[映射 tag]
字段=CTAG_ID
关联=tag | TBL_EAP_TAG | tag.CTAG_ID = ed.CTAG_ID
列=tag.CTAG_NAME | 测点名称
列=tag.CTAG_ID | 测点ID

展示列=ed.CID | 主键ID
展示列=ed.CDATETIME_CREATED | 创建时间
展示列=ed.CDT | 数据时间
展示列=ed.CSERVER_ID | 服务器ID
展示列=ed.CTYPE | 数据类型
展示列=ed.CVALUE | 数值
展示列=ed.CVALUE_STRING | 字符串值
展示列=ed.CVALUE_TYPE | 值类型

[表 TBL_EAP_GE_PARAM_CHANGE_LOG]
标签=图电参数变更记录表
关键词=图电参数变更记录表
别名=egp

[映射 params_id_to_eap_ge_param]
字段=CPARAMS_ID
关联=eapge | TBL_EAP_GE_PARAM | eapge.CID = egp.CPARAMS_ID
列=eapge.CITEM_NO | 料号

展示列=egp.CID | 主键ID
展示列=egp.CAAREA_C | 变更后C面积
展示列=egp.CAAREA_S | 变更后S面积
展示列=egp.CACU_DEN | 变更后铜密度
展示列=egp.CACU_TIME | 变更后铜时间
展示列=egp.CASN_DEN | 变更后锡密度
展示列=egp.CASN_TIME | 变更后锡时间
展示列=egp.CBAREA_C | 变更前C面积
展示列=egp.CBAREA_S | 变更前S面积
展示列=egp.CBCU_DEN | 变更前铜密度
展示列=egp.CBCU_TIME | 变更前铜时间
展示列=egp.CBSN_DEN | 变更前锡密度
展示列=egp.CBSN_TIME | 变更前锡时间

[表 TBL_EAP_GE_PARAM_USE_LOG]
标签=图电参数下发记录
关键词=图电参数下发记录
别名=egp

[映射 params_id_to_eap_ge_param]
字段=CPARAMS_ID
关联=eapge | TBL_EAP_GE_PARAM | eapge.CID = egp.CPARAMS_ID
列=eapge.CITEM_NO | 料号

展示列=egp.CID | 主键ID
展示列=egp.CMACHINE_NAME | 机台名称
展示列=egp.CWO | 工单号

[表 TBL_EAP_GOLD_NICKEL_TESTER_RECORD_DETAIL]
标签=金镍测试仪上传数据明细表，沉金
关键词=金镍测试仪上传数据明细表，沉金
别名=egn

[映射 record_id_to_eap_gold_nic]
字段=CRECORD_ID
关联=eapgo | TBL_EAP_GOLD_NICKEL_TESTER_RECORD | eapgo.CID = egn.CRECORD_ID
列=eapgo.CFILE_NAME | 文件名
列=eapgo.CPROCESS_NAME | 过程名称
列=eapgo.CPROGRAM_NAME | 程序名称
列=eapgo.CSAMPLE_NAME | 样品名称

展示列=egn.CID | 主键ID
展示列=egn.CAU_VALUE | 金测量值
展示列=egn.CNI_VALUE | 镍测量值
展示列=egn.CSEQ | 序号

[表 TBL_EAP_GOLD_NICKEL_TESTER_RECORD_SN_DETAIL]
标签=金镍测试仪明细表，沉锡
关键词=金镍测试仪明细表，沉锡
别名=egn

[映射 record_id_to_eap_gold_nic]
字段=CRECORD_ID
关联=eapgo | TBL_EAP_GOLD_NICKEL_TESTER_RECORD_SN | eapgo.CID = egn.CRECORD_ID
列=eapgo.CFILE_NAME | 文件名
列=eapgo.CPROCESS_NAME | 过程名称
列=eapgo.CPROGRAM_NAME | 程序名称
列=eapgo.CSAMPLE_NAME | 样品名称

展示列=egn.CID | 主键ID
展示列=egn.CSEQ | 序号
展示列=egn.CSN_VALUE | 锡测量值

[表 TBL_EAP_HEARTBEATS]
标签=心跳记录表，疑似弃用
关键词=心跳记录表，疑似弃用
别名=eh

[映射 device]
字段=CDEVICE_ID
关联=d | TBL_EAP_DEVICE | d.CDEVICE_ID = eh.CDEVICE_ID
列=d.CDEVICE_NAME | 设备名称
列=d.CDEVICE_ID | 设备编号

展示列=eh.CID | 主键ID
展示列=eh.CDATETIME_CREATED | 创建时间
展示列=eh.CHEARTBEAT_NUM | 心跳序号

[表 TBL_EAP_HONGSHENG_RECORDS]
标签=宏胜裁磨机结批数据
关键词=宏胜裁磨机结批数据
别名=ehr

[映射 device]
字段=CDEVICE_ID
关联=d | TBL_EAP_DEVICE | d.CDEVICE_ID = ehr.CDEVICE_ID
列=d.CDEVICE_NAME | 设备名称
列=d.CDEVICE_ID | 设备编号

展示列=ehr.CID | 主键ID
展示列=ehr.CDATETIME_CREATED | 创建时间
展示列=ehr.CDATETIME_MODIFIED | 修改时间
展示列=ehr.CITEM_NO | 料号
展示列=ehr.CLOT_IN_QTY | 投入数量
展示列=ehr.CLOT_NO | 批次号
展示列=ehr.CLOT_OUT_QTY | 产出数量
展示列=ehr.CLOT_QTY | 批次数量

[表 TBL_EAP_HONGSHENG_TM_RECORDS]
标签=宏胜测厚机测试数据
关键词=宏胜测厚机测试数据
别名=eht

[映射 device]
字段=CDEVICE_ID
关联=d | TBL_EAP_DEVICE | d.CDEVICE_ID = eht.CDEVICE_ID
列=d.CDEVICE_NAME | 设备名称
列=d.CDEVICE_ID | 设备编号

展示列=eht.CID | 主键ID
展示列=eht.Average | 平均值
展示列=eht.CCOUNT | 计数值
展示列=eht.CDATETIME_CREATED | 创建时间
展示列=eht.CDATETIME_MODIFIED | 修改时间
展示列=eht.Container | 容器号
展示列=eht.CopperLowerLimit | 铜厚下限
展示列=eht.CopperThickness | 铜厚测量值
展示列=eht.CopperUpperLimit | 铜厚上限
展示列=eht.CPERCENT | 百分比
展示列=eht.CTIME | 测量时间
展示列=eht.DeviceCode | 设备编码
展示列=eht.DeviceName | 设备名称
展示列=eht.DeviceStatus | 设备状态
展示列=eht.DivFact | 分度系数
展示列=eht.DownCuResult | 下铜判定结果
展示列=eht.JudgmentResults | 判定结果
展示列=eht.LeftPointA | 左侧A点测量值
展示列=eht.LeftPointB | 左侧B点测量值
展示列=eht.LeftPointC | 左侧C点测量值
展示列=eht.LeftPointD | 左侧D点测量值
展示列=eht.LowerCopper | 下铜厚测量值
展示列=eht.LowerCopperlowerlimit | 下铜厚下限
展示列=eht.LowerCopperupperlimit | 下铜厚上限
展示列=eht.LowerLimit | 板厚下限
展示列=eht.MACHINE_IP | 设备IP
展示列=eht.MeanValue | 均值
展示列=eht.MethodName | 上报方法名
展示列=eht.MiddlePointA | 中间A点测量值
展示列=eht.MiddlePointB | 中间B点测量值
展示列=eht.MiddlePointC | 中间C点测量值
展示列=eht.MiddlePointD | 中间D点测量值
展示列=eht.PartNo | 料号
展示列=eht.RightPointA | 右侧A点测量值
展示列=eht.RightPointB | 右侧B点测量值
展示列=eht.RightPointC | 右侧C点测量值
展示列=eht.RightPointD | 右侧D点测量值
展示列=eht.Thickness | 板厚测量值
展示列=eht.UpCuResult | 上铜判定结果
展示列=eht.UpperLimit | 板厚上限

[表 TBL_EAP_ITEM_CONTROL_LINK]
标签=设备关联料号
关键词=设备关联料号
别名=eic

[映射 device]
字段=CDEVICE_ID
关联=d | TBL_EAP_DEVICE | d.CDEVICE_ID = eic.CDEVICE_ID
列=d.CDEVICE_NAME | 设备名称
列=d.CDEVICE_ID | 设备编号

[映射 item]
字段=CITEM_ID
关联=i | TBL_BD_ITEM | i.CID = eic.CITEM_ID
列=i.CITEM_NO | 料号
列=i.CITEM_NAME | 品名

展示列=eic.CID | 主键ID
展示列=eic.CREMARK | 备注

[表 TBL_EAP_LWT_DETECTIONS]
标签=班通检测主记录表
关键词=班通检测主记录表
别名=eld

[映射 device]
字段=CDEVICE_ID
关联=d | TBL_EAP_DEVICE | d.CDEVICE_ID = eld.CDEVICE_ID
列=d.CDEVICE_NAME | 设备名称
列=d.CDEVICE_ID | 设备编号

展示列=eld.CID | 主键ID
展示列=eld.CDATETIME_CREATED | 创建时间
展示列=eld.CDATETIME_MODIFIED | 修改时间
展示列=eld.CDEVICE_NAME | 设备名称
展示列=eld.CID_NO | 标识编号
展示列=eld.CITEM | 检测项目
展示列=eld.CLAYER | 层别
展示列=eld.CLOT_NO | 工单号
展示列=eld.CMAX_VALUE | 最大值
展示列=eld.CMIN_VALUE | 最小值
展示列=eld.CSTAND_VALUE | 标准值

[表 TBL_EAP_LWT_DETECTIONS_DTL]
标签=班通检测明细记录表
关键词=班通检测明细记录表
别名=eld

[映射 main_id_to_eap_lwt_dete]
字段=CMAIN_ID
关联=eaplw | TBL_EAP_LWT_DETECTIONS | eaplw.CID = eld.CMAIN_ID
列=eaplw.CDEVICE_NAME | 设备名称
列=eaplw.CID_NO | 标识编号
列=eaplw.CLOT_NO | 工单号

展示列=eld.CID | 主键ID
展示列=eld.CDATETIME_CREATED | 创建时间
展示列=eld.CDATETIME_MODIFIED | 修改时间
展示列=eld.CIMAGE_DATA | 图片数据
展示列=eld.CIMAGE_NAME | 图片名称
展示列=eld.CIMAGE_PATH | 图片路径
展示列=eld.CIMAGE_SIZE | 图片大小
展示列=eld.CIMAGE_TYPE | 图片类型
展示列=eld.CITEM | 检测项目
展示列=eld.CITEM_CODE | 项目编码
展示列=eld.CMAX_VALUE | 最大值
展示列=eld.CMIN_VALUE | 最小值
展示列=eld.CNUMBER | 序号
展示列=eld.CREAL_VALUE | 实测值
展示列=eld.CREMARK | 备注
展示列=eld.CRESULT | 检测结果
展示列=eld.CSTAND_VALUE | 标准值

[表 TBL_EAP_MASON_DETECTIONS_DTL]
标签=麦逊检测结果明细表
关键词=麦逊检测结果明细表
别名=emd

[映射 main_id_to_eap_mason_de]
字段=CMAIN_ID
关联=eapma | TBL_EAP_MASON_DETECTIONS | eapma.CID = emd.CMAIN_ID
列=eapma.CMACHINE_NO | 设备编码
列=eapma.CUSER_NO | 用户编号

展示列=emd.CID | 主键ID
展示列=emd.CBATCH_NO | 批次号
展示列=emd.CDATETIME_CREATED | 创建时间
展示列=emd.CDATETIME_MODIFIED | 修改时间
展示列=emd.CDETECT_DATE | 检测时间
展示列=emd.CDETECT_RESULT | 检测结果
展示列=emd.CDETECT_STEP | 检测步骤
展示列=emd.CIR | IR值
展示列=emd.CITEM_NO | 料号
展示列=emd.CLOT_NO | 工单号
展示列=emd.CNG_MESSAGE | NG信息
展示列=emd.CNG_SEQ | NG序号
展示列=emd.CPCB_NO | PCB编号
展示列=emd.CQR_CODE | 二维码
展示列=emd.CRDSON | RDSON值
展示列=emd.CREMARK | 备注
展示列=emd.CTOTAL_POINT | 总测点数
展示列=emd.CWEB_STRUCT | 网结构

[表 TBL_EAP_MP_GROUP_DTL]
标签=测点组明细表
关键词=测点组明细表
别名=emg

[映射 group_id_to_eap_mp_group]
字段=CGROUP_ID
关联=eapmp | TBL_EAP_MP_GROUP | eapmp.CID = emg.CGROUP_ID
列=eapmp.CGROUP_NAME | 组名称

[映射 tag]
字段=CTAG_ID
关联=tag | TBL_EAP_TAG | tag.CTAG_ID = emg.CTAG_ID
列=tag.CTAG_NAME | 测点名称
列=tag.CTAG_ID | 测点ID

展示列=emg.CID | 主键ID
展示列=emg.CSERVER | 服务器
展示列=emg.CTAG_NAME | 测点名称

[表 TBL_EAP_PATTERN_PLAT_ITEM]
标签=图形电镀检测明细表
关键词=图形电镀检测明细表
别名=epp

[映射 pattern_plat_id_to_eap_pattern_]
字段=CPATTERN_PLAT_ID
关联=eappa | TBL_EAP_PATTERN_PLAT | eappa.CID = epp.CPATTERN_PLAT_ID
列=eappa.CCUSTOMER_NO | 客户代码
列=eappa.CFILE_NAME | 文件名称
列=eappa.CITEM_NO | 生产编号

展示列=epp.CID | 主键ID
展示列=epp.CRESULT_DATA_1 | 检测值1
展示列=epp.CRESULT_DATA_2 | 检测值2
展示列=epp.CRESULT_DATA_3 | 检测值3
展示列=epp.CRESULT_DATA_4 | 检测值4
展示列=epp.CRESULT_DATA_5 | 检测值5

[表 TBL_EAP_PERIOD]
标签=设备状态时段记录表
关键词=设备状态时段记录表
别名=ep

[映射 device]
字段=CDEVICE_ID
关联=d | TBL_EAP_DEVICE | d.CDEVICE_ID = ep.CDEVICE_ID
列=d.CDEVICE_NAME | 设备名称
列=d.CDEVICE_ID | 设备编号

展示列=ep.CID | 主键ID
展示列=ep.CDATETIME_CREATED | 创建时间
展示列=ep.CDATETIME_MODIFIED | 修改时间
展示列=ep.CEND_TIME | 时段结束时间
展示列=ep.CIS_END | 是否已结束
展示列=ep.CSTART_TIME | 时段开始时间
展示列=ep.CSTATUS | 状态码

[表 TBL_EAP_PMS_CONTENT]
标签=汉印喷印机内容配置表
关键词=汉印喷印机内容配置表
别名=epc

[映射 device]
字段=CDEVICE_ID
关联=d | TBL_EAP_DEVICE | d.CDEVICE_ID = epc.CDEVICE_ID
列=d.CDEVICE_NAME | 设备名称
列=d.CDEVICE_ID | 设备编号

展示列=epc.CID | 主键ID
展示列=epc.CCONTENT | 内容
展示列=epc.CDATETIME_CREATED | 创建时间
展示列=epc.CDATETIME_MODIFIED | 修改时间
展示列=epc.CITEM_NO | 料号
展示列=epc.CLABEL_H | 标签高度
展示列=epc.CLABEL_W | 标签宽度
展示列=epc.CLAYER | 层别
展示列=epc.CPOSITION_CONTER_X | 中心点X坐标
展示列=epc.CPOSITION_CONTER_Y | 中心点Y坐标
展示列=epc.CPOSITION_X | X坐标
展示列=epc.CPOSITION_Y | Y坐标
展示列=epc.CREF_ID | 关联编号
展示列=epc.CREMARK | 备注

[表 TBL_EAP_PMS_PROD]
标签=汉印生产记录主表
关键词=汉印生产记录主表
别名=epp

[映射 device]
字段=CDEVICE_ID
关联=d | TBL_EAP_DEVICE | d.CDEVICE_ID = epp.CDEVICE_ID
列=d.CDEVICE_NAME | 设备名称
列=d.CDEVICE_ID | 设备编号

展示列=epp.CID | 主键ID
展示列=epp.CDATETIME_CREATED | 创建时间
展示列=epp.CDATETIME_MODIFIED | 修改时间
展示列=epp.CFACE | 面别
展示列=epp.CPNL_CODE | PNL条码
展示列=epp.CRESULT | 结果
展示列=epp.CWON | 工单号

[表 TBL_EAP_PMS_PROD_DTL]
标签=汉印生产记录明细表
关键词=汉印生产记录明细表
别名=epp

[映射 prod_id_to_eap_pms_prod]
字段=CPROD_ID
关联=eappm | TBL_EAP_PMS_PROD | eappm.CID = epp.CPROD_ID
列=eappm.CPNL_CODE | PNL条码

展示列=epp.CID | 主键ID
展示列=epp.CCONTENT | 内容
展示列=epp.CDATETIME_CREATED | 创建时间
展示列=epp.CDATETIME_MODIFIED | 修改时间
展示列=epp.CREF_ID | 关联编号

[表 TBL_EAP_POTION_ITEM_CONTROL_LINK]
标签=设备关联药水化验项目
关键词=设备关联药水化验项目
别名=epi

[映射 device]
字段=CDEVICE_ID
关联=d | TBL_EAP_DEVICE | d.CDEVICE_ID = epi.CDEVICE_ID
列=d.CDEVICE_NAME | 设备名称
列=d.CDEVICE_ID | 设备编号

展示列=epi.CID | 主键ID
展示列=epi.CNP_ITEM_ID | 化验模板项ID
展示列=epi.CREMARK | 备注

[表 TBL_EAP_PRODUCE_CONTROL_DEVICE]
标签=生产管控设备配置表
关键词=生产管控设备配置表
别名=epc

[映射 device]
字段=CDEVICE_ID
关联=d | TBL_EAP_DEVICE | d.CDEVICE_ID = epc.CDEVICE_ID
列=d.CDEVICE_NAME | 设备名称
列=d.CDEVICE_ID | 设备编号

展示列=epc.CID | 主键ID
展示列=epc.CDEVICE_NAME | 设备名称
展示列=epc.CEND_CONTROL | 管控结束时间
展示列=epc.CFIRST_CHECK | 首检校验开关
展示列=epc.CINSPECTION_CHECK | 检验记录校验开关
展示列=epc.CIS_SET_SCREEN | 是否启用看板/画面设置
展示列=epc.CPARENT_DEVICE | 上级设备/父设备标识
展示列=epc.CPOTION_CHECK | 药水化验校验开关
展示列=epc.CPRODUCE_LOG_CHECK | 生产日志校验开关
展示列=epc.CREMARK | 备注
展示列=epc.CSTART_CONTROL | 管控开始时间
展示列=epc.CTIME_CHECK | 时间段校验开关

[表 TBL_EAP_STATUS]
标签=设备状态采集记录表
关键词=设备状态采集记录表
别名=es

[映射 device]
字段=CDEVICE_ID
关联=d | TBL_EAP_DEVICE | d.CDEVICE_ID = es.CDEVICE_ID
列=d.CDEVICE_NAME | 设备名称
列=d.CDEVICE_ID | 设备编号

[映射 machine_user_to_sys_user]
字段=CMACHINE_USER
类型=账号
关联=sysus | TBL_SYS_USER | sysus.CUSER_NAME = es.CMACHINE_USER
列=es.CMACHINE_USER | 操作用户账号
列=sysus.CDISPLAY_NAME | 操作用户姓名

展示列=es.CID | 主键ID
展示列=es.CDURATION | 持续时长
展示列=es.CEXTRA | 扩展信息
展示列=es.CFILE_NAME | 来源文件名
展示列=es.CITEM_NO | 料号
展示列=es.CLOT | 批次号
展示列=es.CMACHINE_NAME | 设备名称
展示列=es.CMACHINE_TIME | 设备时间
展示列=es.CMANUAL_STATUS | 手动状态码
展示列=es.COEE | OEE值
展示列=es.CPROGRESS | 进度
展示列=es.CQTY | 数量
展示列=es.CREMARK | 备注
展示列=es.CSTATUS | 状态码
展示列=es.CSTATUS_START_TIME | 状态开始时间
展示列=es.CTEXT | 文本内容
展示列=es.CUNIT_STATUS | 机台状态文本
展示列=es.CVERSION | 版本

[表 TBL_EAP_TAG]
标签=测点配置表
关键词=测点配置表
别名=et

[映射 device]
字段=CDEVICE_ID
关联=d | TBL_EAP_DEVICE | d.CDEVICE_ID = et.CDEVICE_ID
列=d.CDEVICE_NAME | 设备名称
列=d.CDEVICE_ID | 设备编号

[映射 user_created]
字段=CUSER_CREATED
类型=账号
关联=sysus | TBL_SYS_USER | sysus.CUSER_NAME = et.CUSER_CREATED
列=et.CUSER_CREATED | 创建人账号
列=sysus.CDISPLAY_NAME | 创建人姓名

[映射 user_modified]
字段=CUSER_MODIFIED
类型=账号
关联=sysus2 | TBL_SYS_USER | sysus2.CUSER_NAME = et.CUSER_MODIFIED
列=et.CUSER_MODIFIED | 修改人账号
列=sysus2.CDISPLAY_NAME | 修改人姓名

展示列=et.CID | 主键ID
展示列=et.CDATETIME_CREATED | 创建时间
展示列=et.CDATETIME_MODIFIED | 修改时间
展示列=et.CDEVICE_NAME | 设备描述
展示列=et.CDEVICE_SERIAL | 设备序号
展示列=et.CENTERPRISE_CODE | 企业编码
展示列=et.CGROUP_NAME | 类别名称
展示列=et.CGROUP_SERIAL | 类别序号
展示列=et.CINSTANCE_ID | 实例ID
展示列=et.CMAX_VALUE | 最大值
展示列=et.CMIN_VALUE | 最小值
展示列=et.CORG_CODE | 组织编码
展示列=et.CRADIX | 进制
展示列=et.CROWREMARK | 行备注
展示列=et.CSEQ | 排序号
展示列=et.CSERVER_ID | 服务器ID
展示列=et.CSERVER_NAME | 服务器名称
展示列=et.CSERVER_SERIAL | 服务器序号
展示列=et.CSHOW_TYPE | 显示类型
展示列=et.CSTATE | 数据状态
展示列=et.CTAG_ALIAS | 参数别名
展示列=et.CTAG_DESC | 参数描述
展示列=et.CTAG_ID | 测点ID
展示列=et.CTAG_NAME | 参数集名称
展示列=et.CTAG_PATH | 参数路径
展示列=et.CTAG_SERIAL | 测点序号
展示列=et.CUNIT | 单位

[表 TBL_EAP_THREE_D_DATA]
标签=三次元数据
关键词=三次元数据
别名=etd

[映射 record_id_to_eap_three_d_]
字段=CRECORD_ID
关联=eapth | TBL_EAP_THREE_D_RECORD | eapth.CID = etd.CRECORD_ID
列=eapth.CFILE_NAME | 文件路径

[映射 user_created]
字段=CUSER_CREATED
类型=账号
关联=sysus | TBL_SYS_USER | sysus.CUSER_NAME = etd.CUSER_CREATED
列=etd.CUSER_CREATED | 创建人账号
列=sysus.CDISPLAY_NAME | 创建人姓名

[映射 user_modified]
字段=CUSER_MODIFIED
类型=账号
关联=sysus2 | TBL_SYS_USER | sysus2.CUSER_NAME = etd.CUSER_MODIFIED
列=etd.CUSER_MODIFIED | 修改人账号
列=sysus2.CDISPLAY_NAME | 修改人姓名

展示列=etd.CID | 主键ID
展示列=etd.CA | A参数
展示列=etd.CAVERAGE_VALUE | 平均值
展示列=etd.CDATETIME_CREATED | 创建时间
展示列=etd.CDATETIME_MODIFIED | 修改时间
展示列=etd.CDAY | 日期
展示列=etd.CDEVIATION | 标准差
展示列=etd.CITEM | 项目名称
展示列=etd.CLOW_TOLERANCE | 下公差
展示列=etd.CMAX_VALUE | 最大值
展示列=etd.CMEASURE_VALUE | 测量值
展示列=etd.CMIN_VALUE | 最小值
展示列=etd.CMISCOUNT | 误差
展示列=etd.CP | 过程能力指数P
展示列=etd.CPK | 过程能力指数CPK
展示列=etd.CRESULT | 判定
展示列=etd.CSAMPLE_COUNT | 样本大小
展示列=etd.CSHIFFT | 班次
展示列=etd.CSTANDARD | 标准值
展示列=etd.CTYPE | 型式
展示列=etd.CUNIT | 单位
展示列=etd.CUP_TOLERANCE | 上公差

[表 TBL_EAP_WHC]
标签=文坦验孔机主记录表
关键词=文坦验孔机主记录表
别名=ew

[映射 device]
字段=CDEVICE_ID
关联=d | TBL_EAP_DEVICE | d.CDEVICE_ID = ew.CDEVICE_ID
列=d.CDEVICE_NAME | 设备名称
列=d.CDEVICE_ID | 设备编号

展示列=ew.CID | 主键ID
展示列=ew.CBATCH | 批次
展示列=ew.CBATCH_TYPE | 批次类型
展示列=ew.CDATETIME_CREATED | 创建时间
展示列=ew.CDEVICE_NAME | 设备名称
展示列=ew.CEXTEND_DATA | 扩展数据
展示列=ew.COPERATOR_NAME | 操作员
展示列=ew.CREMARK | 备注
展示列=ew.CREQUEST_ID | 请求ID
展示列=ew.CSERVICE_NAME | 服务名称
展示列=ew.CTIME_STAMP | 时间戳

[表 TBL_EAP_WHC_DTL]
标签=文坦验孔机明细记录表
关键词=文坦验孔机明细记录表
别名=ewd

[映射 whc_id_to_eap_whc]
字段=CWHC_ID
关联=eapwh | TBL_EAP_WHC | eapwh.CID = ewd.CWHC_ID
列=eapwh.CDEVICE_NAME | 设备名称
列=eapwh.COPERATOR_NAME | 操作员
列=eapwh.CSERVICE_NAME | 服务名称

[映射 device]
字段=CDEVICE_ID
关联=d | TBL_EAP_DEVICE | d.CDEVICE_ID = ewd.CDEVICE_ID
列=d.CDEVICE_NAME | 设备名称
列=d.CDEVICE_ID | 设备编号

展示列=ewd.CID | 主键ID
展示列=ewd.CDATETIME_CREATED | 创建时间
展示列=ewd.CMACHINE_TIME | 设备时间
展示列=ewd.CSERVER_ID | 服务器ID
展示列=ewd.CTYPE | 数据类型
展示列=ewd.CVALUE | 数值
展示列=ewd.CVALUE_STRING | 字符串值
展示列=ewd.CVALUE_TYPE | 值类型

[表 TBL_EAP_YUHUI_TEST_RECORDS]
标签=誉汇测试记录主表
关键词=誉汇测试记录主表
别名=eyt

[映射 device]
字段=CDEVICE_ID
关联=d | TBL_EAP_DEVICE | d.CDEVICE_ID = eyt.CDEVICE_ID
列=d.CDEVICE_NAME | 设备名称
列=d.CDEVICE_ID | 设备编号

展示列=eyt.CID | 主键ID
展示列=eyt.CBOARD_COUNT | 板数量
展示列=eyt.CBOARD_TYPE | 板类型
展示列=eyt.CDATETIME_CREATED | 创建时间
展示列=eyt.CDATETIME_MODIFIED | 修改时间
展示列=eyt.CDEVICE_NAME | 设备名称
展示列=eyt.CITEM_NO | 料号
展示列=eyt.CORDER_NO | 工单号
展示列=eyt.CTEST_TIME | 检测时间

[表 TBL_EAP_YUHUI_TEST_RECORDS_DTL]
标签=誉汇测试记录明细表
关键词=誉汇测试记录明细表
别名=eyt

[映射 main_id_to_eap_yuhui_te]
字段=CMAIN_ID
关联=eapyu | TBL_EAP_YUHUI_TEST_RECORDS | eapyu.CID = eyt.CMAIN_ID
列=eapyu.CDEVICE_NAME | 设备名称
列=eapyu.CITEM_NO | 料号
列=eapyu.CORDER_NO | 工单号

展示列=eyt.CID | 主键ID
展示列=eyt.CAREA | 区域
展示列=eyt.CBOARD_SEQ | 板序号
展示列=eyt.CDATETIME_CREATED | 创建时间
展示列=eyt.CDATETIME_MODIFIED | 修改时间
展示列=eyt.CDOWN_BOUND | 下限
展示列=eyt.CERR_VALUE | 误差值
展示列=eyt.CINNER_SEQ | 板内序号
展示列=eyt.CITEM | 量测项目
展示列=eyt.CITEM_TYPE | 项目类型
展示列=eyt.CN_TOL | 负公差
展示列=eyt.CP_TOL | 正公差
展示列=eyt.CPOSITION_END | 结束位置
展示列=eyt.CPOSITION_START | 起始位置
展示列=eyt.CREAL_VALUE | 实测值
展示列=eyt.CRESULT | 检测结果
展示列=eyt.CSTAND_VALUE | 标准值
展示列=eyt.CUNIT | 单位
展示列=eyt.CUP_BOUND | 上限

[表 TBL_EAP_YULIGHT_DETECTIONS_PCS]
标签=宇之光生产记录
关键词=宇之光生产记录
别名=eyd

[映射 device]
字段=CDEVICE_ID
关联=d | TBL_EAP_DEVICE | d.CDEVICE_ID = eyd.CDEVICE_ID
列=d.CDEVICE_NAME | 设备名称
列=d.CDEVICE_ID | 设备编号

展示列=eyd.CID | 主键ID
展示列=eyd.CDATETIME_CREATED | 创建时间
展示列=eyd.CEND_TIME | 结束时间
展示列=eyd.CFILENAME | 文件名
展示列=eyd.CFROM_TICKET | 来源票号
展示列=eyd.CIS_REPAIR | 是否返修
展示列=eyd.COPENCUT | 开路数量
展示列=eyd.CPCS_ID | PCS编号
展示列=eyd.CPNL_ID | PNL编号
展示列=eyd.CRESULT | 检测结果
展示列=eyd.CSHORTCUT | 短路数量
展示列=eyd.CSTART_TIME | 开始时间

[表 TBL_EAP_YULIGHT_DETECTIONS_PNL]
标签=宇之光PNL检测记录表
关键词=宇之光PNL检测记录表
别名=eyd

[映射 device]
字段=CDEVICE_ID
关联=d | TBL_EAP_DEVICE | d.CDEVICE_ID = eyd.CDEVICE_ID
列=d.CDEVICE_NAME | 设备名称
列=d.CDEVICE_ID | 设备编号

展示列=eyd.CID | 主键ID
展示列=eyd.CADJAENCY | 邻接短路数
展示列=eyd.CDATETIME_CREATED | 创建时间
展示列=eyd.CEND_TIME | 结束时间
展示列=eyd.CFILENAME | 文件名
展示列=eyd.CFROM_TICKET | 来源票号
展示列=eyd.CHEIGHT | 高度
展示列=eyd.CIS_ABORT | 是否中止
展示列=eyd.CIS_REPAIR | 是否返修
展示列=eyd.CPCS_COUNT | PCS总数
展示列=eyd.CPCS_NG | PCS不良数
展示列=eyd.CPCS_OK | PCS良品数
展示列=eyd.CPNL_ID | PNL编号
展示列=eyd.CRESULT | 检测结果
展示列=eyd.CSTART_TIME | 开始时间
展示列=eyd.CTEST_POINTS | 测试点数
展示列=eyd.CTOTAL_NETS | 总网络数
展示列=eyd.CWIDTH | 宽度

[表 TBL_FA_TXDD_KTHD]
标签=图形电镀孔铜厚度测量
关键词=图形电镀孔铜厚度测量
别名=ftk

[映射 main_id_to_fa_txdd_main]
字段=CMAIN_ID
关联=fatxd | TBL_FA_TXDD_MAIN | fatxd.CID = ftk.CMAIN_ID
列=fatxd.CITEM_NO | 料号

展示列=ftk.CID | 主键ID
展示列=ftk.CCLKJ | 测量孔径
展示列=ftk.CT_DATA1 | 测量值1
展示列=ftk.CT_DATA2 | 测量值2
展示列=ftk.CT_DATA3 | 测量值3
展示列=ftk.CT_DATA4 | 测量值4
展示列=ftk.CT_DATA5 | 测量值5

[表 TBL_FA_TXDD_QPBT]
标签=图形电镀切片表铜
关键词=图形电镀切片表铜
别名=ftq

[映射 main_id_to_fa_txdd_main]
字段=CMAIN_ID
关联=fatxd | TBL_FA_TXDD_MAIN | fatxd.CID = ftq.CMAIN_ID
列=fatxd.CITEM_NO | 料号

展示列=ftq.CID | 主键ID
展示列=ftq.CBMTH1 | 表铜厚度1
展示列=ftq.CBMTH2 | 表铜厚度2
展示列=ftq.CBMTH3 | 表铜厚度3
展示列=ftq.CBMTH4 | 表铜厚度4
展示列=ftq.CDXCL1 | 锡层测量1
展示列=ftq.CDXCL2 | 锡层测量2
展示列=ftq.CINSPECT_USER | 检测人
展示列=ftq.CKCCL1 | 孔铜粗糙度1
展示列=ftq.CKCCL2 | 孔铜粗糙度2
展示列=ftq.CKNTHA | 孔内铜厚A
展示列=ftq.CKNTHB | 孔内铜厚B
展示列=ftq.CKNTHC | 孔内铜厚C
展示列=ftq.CKNTHD | 孔内铜厚D
展示列=ftq.CKNTHE | 孔内铜厚E
展示列=ftq.CKNTHF | 孔内铜厚F
展示列=ftq.CRESULT | 判定结果

[表 TBL_FA_TXDD_SKKJ]
标签=图形电镀蚀刻后孔径测量
关键词=图形电镀蚀刻后孔径测量
别名=fts

[映射 main_id_to_fa_txdd_main]
字段=CMAIN_ID
关联=fatxd | TBL_FA_TXDD_MAIN | fatxd.CID = fts.CMAIN_ID
列=fatxd.CITEM_NO | 料号

展示列=fts.CID | 主键ID
展示列=fts.CDRILL_BIT | 钻咀规格
展示列=fts.CMEASURED | 实测值
展示列=fts.CPRODUCT | 产品
展示列=fts.CREMARK | 备注
展示列=fts.CRESULT | 判定结果
展示列=fts.CTOLERANCE | 公差

[表 TBL_FA_TXDD_SKXK]
标签=图形电镀蚀刻后线宽
关键词=图形电镀蚀刻后线宽
别名=fts

[映射 main_id_to_fa_txdd_main]
字段=CMAIN_ID
关联=fatxd | TBL_FA_TXDD_MAIN | fatxd.CID = fts.CMAIN_ID
列=fatxd.CITEM_NO | 料号

展示列=fts.CID | 主键ID
展示列=fts.CBGAJX_SC | BGA间隙实测
展示列=fts.CBGAJX_YQ | BGA间隙要求
展示列=fts.CBGAKD_SC | BGA孔大实测
展示列=fts.CBGAKD_YQ | BGA孔大要求
展示列=fts.CGBDKD_SC | GBD孔大实测
展示列=fts.CGBDKD_YQ | GBD孔大要求
展示列=fts.CICJX_SC | IC间隙实测
展示列=fts.CICJX_YQ | IC间隙要求
展示列=fts.CICKD_SC | IC孔大实测
展示列=fts.CICKD_YQ | IC孔大要求
展示列=fts.CLAYER | 层别
展示列=fts.CZXXK_SC | 阻焊线宽实测
展示列=fts.CZXXK_YQ | 阻焊线宽要求
展示列=fts.CZXXX_SC | 阻焊线隙实测
展示列=fts.CZXXX_YQ | 阻焊线隙要求

[表 TBL_FA_TXDD_XHCL]
标签=图形电镀锡厚测量
关键词=图形电镀锡厚测量
别名=ftx

[映射 main_id_to_fa_txdd_main]
字段=CMAIN_ID
关联=fatxd | TBL_FA_TXDD_MAIN | fatxd.CID = ftx.CMAIN_ID
列=fatxd.CITEM_NO | 料号

展示列=ftx.CID | 主键ID
展示列=ftx.CX_DATA1 | 锡厚数据1
展示列=ftx.CX_DATA2 | 锡厚数据2
展示列=ftx.CX_DATA3 | 锡厚数据3
展示列=ftx.CX_DATA4 | 锡厚数据4
展示列=ftx.CX_DATA5 | 锡厚数据5

[表 TBL_FA_TXDD_ZKCS]
标签=图形电镀阻抗测试
关键词=图形电镀阻抗测试
别名=ftz

[映射 main_id_to_fa_txdd_main]
字段=CMAIN_ID
关联=fatxd | TBL_FA_TXDD_MAIN | fatxd.CID = ftz.CMAIN_ID
列=fatxd.CITEM_NO | 料号

展示列=ftz.CID | 主键ID
展示列=ftz.CLEVEL | 层别
展示列=ftz.CMEASURED | 实测值
展示列=ftz.CREMARK | 备注
展示列=ftz.CRESULT | 判定结果
展示列=ftz.CSTANDARD | 标准值
展示列=ftz.CTOLERANCE | 公差

[表 TBL_FA_YHYJ_MI]
标签=压合压机MI实测
关键词=压合压机MI实测
别名=fym

[映射 main_id_to_fa_yhyj_main]
字段=CMAIN_ID
关联=fayhy | TBL_FA_YHYJ_MAIN | fayhy.CID = fym.CMAIN_ID
列=fayhy.CITEM_NO | 料号

展示列=fym.CID | 主键ID
展示列=fym.CJZHD_MI | 机组厚度MI值
展示列=fym.CJZHD_RESULT | 机组厚度判定
展示列=fym.CNCXBHD_MI | 内层芯板厚度MI值
展示列=fym.CNCXBHD_RESULT | 内层芯板厚度判定
展示列=fym.CYBHD_MI | 压板厚度MI值
展示列=fym.CYBHD_RESULT | 压板厚度判定

[表 TBL_JINMING_TASK_RESULT]
标签=今明设备任务回传结果表
关键词=今明设备任务回传结果表
别名=jtr

[映射 device]
字段=CDEVICE_ID
关联=d | TBL_EAP_DEVICE | d.CDEVICE_ID = jtr.CDEVICE_ID
列=d.CDEVICE_NAME | 设备名称
列=d.CDEVICE_ID | 设备编号

展示列=jtr.CID | 主键ID
展示列=jtr.CCODE | 结果代码
展示列=jtr.CDATETIME_CREATED | 创建时间
展示列=jtr.CDATETIME_MODIFIED | 修改时间
展示列=jtr.CJOB_NAME | 任务名称
展示列=jtr.CLOT_ID | 批次ID
展示列=jtr.CMACH_CODE | 设备代码
展示列=jtr.CMESSAGE | 结果消息
展示列=jtr.CWO | 工单号

[表 TBL_MSG_EVENT]
标签=消息事件表
关键词=消息事件表
别名=me

[映射 msg_group_id_to_msg_group]
字段=CMSG_GROUP_ID
关联=msggr | TBL_MSG_GROUP | msggr.CID = me.CMSG_GROUP_ID
列=msggr.CGROUP_NAME | 群组名称
列=msggr.CGROUP_CODE | 群组编码

[映射 template_id_to_msg_template]
字段=CTEMPLATE_ID
关联=msgte | TBL_MSG_TEMPLATE | msgte.CID = me.CTEMPLATE_ID
列=msgte.CCODE | 模板编码

展示列=me.CID | 主键ID
展示列=me.CDATASET_ID | 数据集ID
展示列=me.CDESC | 描述
展示列=me.CEXPRESSION | 表达式
展示列=me.CFREQUENCY | 频率
展示列=me.CINDICAROR | 指标
展示列=me.CRULE | 规则
展示列=me.CSCHEDULE_TASK_ID | 调度任务ID
展示列=me.CSEQ | 序号
展示列=me.CSTATUS | 达成状态
展示列=me.CTARGET | 目标

[表 TBL_MSG_GROUP_USER]
标签=消息群组和用户
关键词=消息群组和用户
别名=mgu

[映射 group_id_to_msg_group]
字段=CGROUP_ID
关联=msggr | TBL_MSG_GROUP | msggr.CID = mgu.CGROUP_ID
列=msggr.CGROUP_NAME | 群组名称
列=msggr.CGROUP_CODE | 群组编码

[映射 user]
字段=CUSER_ID
关联=u | TBL_SYS_USER | u.CID = mgu.CUSER_ID
列=u.CDISPLAY_NAME | 用户姓名
列=u.CUSER_NAME | 用户账号

展示列=mgu.CID | 主键ID

[表 TBL_MSG_ROBOT_EVENT_LINK]
标签=推送事件机器人关联
关键词=推送事件机器人关联
别名=mre

[映射 msg_event_id_to_msg_event]
字段=CMSG_EVENT_ID
关联=msgev | TBL_MSG_EVENT | msgev.CID = mre.CMSG_EVENT_ID
列=msgev.CDATASET_ID | 数据集ID

[映射 robot_id_to_msg_robot]
字段=CROBOT_ID
关联=msgro | TBL_MSG_ROBOT | msgro.CID = mre.CROBOT_ID
列=msgro.CROBOT_NAME | 机器人名称

展示列=mre.CID | 主键ID

[表 TBL_MSG_USER]
标签=消息推送用户
关键词=消息推送用户
别名=mu

[映射 user]
字段=CUSER_ID
关联=u | TBL_SYS_USER | u.CID = mu.CUSER_ID
列=u.CDISPLAY_NAME | 用户姓名
列=u.CUSER_NAME | 用户账号

展示列=mu.CID | 主键ID
展示列=mu.CACCOUNT | 账号
展示列=mu.CUSER_NAME | 姓名
展示列=mu.CUSER_TYPE | 类型

[表 TBL_NP_TEMPLATE_CHANGE_ITEM]
标签=模板变更明细表
关键词=模板变更明细表
别名=ntc

[映射 template_change_id_to_np_template_]
字段=CTEMPLATE_CHANGE_ID
关联=nptem | TBL_NP_TEMPLATE_CHANGE | nptem.CID = ntc.CTEMPLATE_CHANGE_ID
列=nptem.CTEMPLATE_CODE | 模板编码
列=nptem.CTEMPLATE_NAME | 模板名称

展示列=ntc.CID | 主键ID
展示列=ntc.CALARM_MAX_VALUE | 报警最大值（原值）
展示列=ntc.CALARM_MAX_VALUE_EDIT | 报警最大值（变更后）
展示列=ntc.CALARM_MIN_VALUE | 报警最小值（原值）
展示列=ntc.CALARM_MIN_VALUE_EDIT | 报警最小值（变更后）
展示列=ntc.CCHECK_CONTENT | 检测内容标识（原值）
展示列=ntc.CCHECK_CONTENT_EDIT | 检测内容标识（变更后）
展示列=ntc.CCHECK_WAY | 检测方式（原值）
展示列=ntc.CCHECK_WAY_EDIT | 检测方式（变更后）
展示列=ntc.CDEFAULT_VALUE | 默认值（原值）
展示列=ntc.CDEFAULT_VALUE_EDIT | 默认值（变更后）
展示列=ntc.CDEFAULT_VALUE_TYPE | 默认值类型（原值）
展示列=ntc.CDEFAULT_VALUE_TYPE_EDIT | 默认值类型（变更后）
展示列=ntc.CDEVIATION_TYPE | 偏差类型（原值）
展示列=ntc.CDEVIATION_TYPE_EDIT | 偏差类型（变更后）
展示列=ntc.CFORMULA | 公式（原值）
展示列=ntc.CFORMULA_EDIT | 公式（变更后）
展示列=ntc.CINPUT_FORMULA | 输入公式（原值）
展示列=ntc.CINPUT_FORMULA_EDIT | 输入公式（变更后）
展示列=ntc.CINPUT_TYPE | 输入类型（原值）
展示列=ntc.CINPUT_TYPE_EDIT | 输入类型（变更后）
展示列=ntc.CIS_CHECK_RESULT | 是否参与结果判定（原值）
展示列=ntc.CIS_CHECK_RESULT_EDIT | 是否参与结果判定（变更后）
展示列=ntc.CIS_CHEMISTAY_LAB | 是否送化学实验室（原值）
展示列=ntc.CIS_CHEMISTAY_LAB_EDIT | 是否送化学实验室（变更后）
展示列=ntc.CIS_KEY_ITEM | 是否关键项（原值）
展示列=ntc.CIS_KEY_ITEM_EDIT | 是否关键项（变更后）
展示列=ntc.CIS_MUST | 是否必填（原值）
展示列=ntc.CIS_MUST_EDIT | 是否必填（变更后）
展示列=ntc.CIS_PHYSICS_LAB | 是否送物理实验室（原值）
展示列=ntc.CIS_PHYSICS_LAB_EDIT | 是否送物理实验室（变更后）
展示列=ntc.CIS_SHOW_STANDARD | 是否显示标准值（原值）
展示列=ntc.CIS_SHOW_STANDARD_EDIT | 是否显示标准值（变更后）
展示列=ntc.CITEM_FREQ_PERIOD_ID | 频次周期标识（原值）
展示列=ntc.CITEM_FREQ_PERIOD_ID_EDIT | 频次周期标识（变更后）
展示列=ntc.CLIST_SOURCE | 列表来源（原值）
展示列=ntc.CLIST_SOURCE_EDIT | 列表来源（变更后）
展示列=ntc.CLIST_SOURCE_TYPE | 列表来源类型（原值）
展示列=ntc.CLIST_SOURCE_TYPE_EDIT | 列表来源类型（变更后）
展示列=ntc.CSEQ | 排序序号（原值）
展示列=ntc.CSEQ_EDIT | 排序序号（变更后）
展示列=ntc.CSTANDARD_MAX_ALLOW | 标准最大允许值（原值）
展示列=ntc.CSTANDARD_MAX_ALLOW_EDIT | 标准最大允许值（变更后）
展示列=ntc.CSTANDARD_MAX_VALUE | 标准最大值（原值）
展示列=ntc.CSTANDARD_MAX_VALUE_EDIT | 标准最大值（变更后）
展示列=ntc.CSTANDARD_MIN_ALLOW | 标准最小允许值（原值）
展示列=ntc.CSTANDARD_MIN_ALLOW_EDIT | 标准最小允许值（变更后）
展示列=ntc.CSTANDARD_MIN_VALUE | 标准最小值（原值）
展示列=ntc.CSTANDARD_MIN_VALUE_EDIT | 标准最小值（变更后）
展示列=ntc.CSTANDARD_VALUE | 标准值（原值）
展示列=ntc.CSTANDARD_VALUE_EDIT | 标准值（变更后）
展示列=ntc.CSTANDARD_VALUE_TYPE | 标准值类型（原值）
展示列=ntc.CSTANDARD_VALUE_TYPE_EDIT | 标准值类型（变更后）
展示列=ntc.CSUM_FIELD | 求和字段（原值）
展示列=ntc.CSUM_FIELD_EDIT | 求和字段（变更后）
展示列=ntc.CTEMPLATE_ITEM_CODE | 模板项编码
展示列=ntc.CTEMPLATE_ITEM_DESC | 模板项描述（原值）
展示列=ntc.CTEMPLATE_ITEM_DESC_EDIT | 模板项描述（变更后）
展示列=ntc.CTEMPLATE_ITEM_NAME | 模板项名称（原值）
展示列=ntc.CTEMPLATE_ITEM_NAME_EDIT | 模板项名称（变更后）
展示列=ntc.CTEMPLATE_ITEM_TAG | 模板项标签（原值）
展示列=ntc.CTEMPLATE_ITEM_TAG_EDIT | 模板项标签（变更后）
展示列=ntc.CTOOL_ID | 工具标识（原值）
展示列=ntc.CTOOL_ID_EDIT | 工具标识（变更后）
展示列=ntc.CUNIT | 单位（原值）
展示列=ntc.CUNIT_EDIT | 单位（变更后）

[表 TBL_NP_TEMPLATE_ITEM]
标签=模板项配置表
关键词=模板项配置表
别名=nti

[映射 template_id_to_np_template]
字段=CTEMPLATE_ID
关联=nptem | TBL_NP_TEMPLATE | nptem.CID = nti.CTEMPLATE_ID
列=nptem.CTEMPLATE_NAME | 模板名称

展示列=nti.CID | 主键ID
展示列=nti.CALARM_MAX_VALUE | 报警最大值
展示列=nti.CALARM_MIN_VALUE | 报警最小值
展示列=nti.CCHECK_CONTENT | 检测内容标识
展示列=nti.CCHECK_WAY | 检测方式
展示列=nti.CDEFAULT_VALUE | 默认值
展示列=nti.CDEFAULT_VALUE_TYPE | 默认值类型
展示列=nti.CDEVIATION_TYPE | 偏差类型
展示列=nti.CINPUT_TYPE | 输入类型
展示列=nti.CIS_CHECK_RESULT | 是否参与结果判定
展示列=nti.CIS_CHEMISTAY_LAB | 是否送化学实验室
展示列=nti.CIS_KEY_ITEM | 是否关键项
展示列=nti.CIS_MUST | 是否必填
展示列=nti.CIS_PHYSICS_LAB | 是否送物理实验室
展示列=nti.CIS_SHOW_STANDARD | 是否显示标准值
展示列=nti.CITEM_FREQ_PERIOD_ID | 项目频次周期标识
展示列=nti.CLIST_SOURCE | 列表来源
展示列=nti.CLIST_SOURCE_TYPE | 列表来源类型
展示列=nti.CSEQ | 排序序号
展示列=nti.CSTANDARD_MAX_ALLOW | 标准最大允许值
展示列=nti.CSTANDARD_MAX_VALUE | 标准最大值
展示列=nti.CSTANDARD_MIN_ALLOW | 标准最小允许值
展示列=nti.CSTANDARD_MIN_VALUE | 标准最小值
展示列=nti.CSTANDARD_VALUE | 标准值
展示列=nti.CSTANDARD_VALUE_TYPE | 标准值类型
展示列=nti.CSTANDRAD_SOURCE | 标准来源
展示列=nti.CSUM_FIELD | 求和字段
展示列=nti.CTEMPLATE_ITEM_CODE | 模板项编码
展示列=nti.CTEMPLATE_ITEM_DESC | 模板项描述
展示列=nti.CTEMPLATE_ITEM_NAME | 模板项名称
展示列=nti.CTEMPLATE_ITEM_TAG | 模板项标签
展示列=nti.CTOOL_ID | 工具标识
展示列=nti.CUNIT | 单位
展示列=nti.LOWER_TOLERANCE | 下公差
展示列=nti.UPPER_TOLERANCE | 上公差

[表 TBL_OQC_SHIPMENT_ITEM_LINK]
标签=出货报告料号关联表
关键词=出货报告料号关联表
别名=osi

[映射 item]
字段=CITEM_ID
关联=i | TBL_BD_ITEM | i.CID = osi.CITEM_ID
列=i.CITEM_NO | 料号
列=i.CITEM_NAME | 品名

展示列=osi.CID | 主键ID
展示列=osi.CREPORT_ID | 报告ID
展示列=osi.CSEQ | 排序

[表 TBL_PATTERN_HAOSHUO_PRODUCTION_RECORD_DTL]
标签=浩硕图形电镀生产记录明细表
关键词=浩硕图形电镀生产记录明细表
别名=php

[映射 detection_id_to_pattern_haos]
字段=CDETECTION_ID
关联=patter | TBL_PATTERN_HAOSHUO_PRODUCTION_RECORD | patter.CID = php.CDETECTION_ID
列=patter.CBARCODE | 板边码
列=patter.CITEM_NO | 料号
列=patter.CLOT_NO | 工单
列=patter.CMACHINE_CODE | 设备代码

展示列=php.CID | 主键ID
展示列=php.CCORDINATE_X | X涨缩
展示列=php.CCORDINATE_Y | Y涨缩
展示列=php.CDATETIME_CREATED | 创建时间
展示列=php.CDATETIME_MODIFIED | 修改时间
展示列=php.CMACHINE_CODE | 设备代码
展示列=php.CRESULT | 判定结果
展示列=php.CSTAN_X | X标准值
展示列=php.CSTAN_Y | Y标准值
展示列=php.DISTANCE_X | X坐标
展示列=php.DISTANCE_Y | Y坐标

[表 TBL_QM_ASSAY_LOG]
标签=化验任务记录表
关键词=化验任务记录表
别名=qal

[映射 medicine_tank_id_to_qm_medicine_]
字段=CMEDICINE_TANK_ID
关联=qmmed | TBL_QM_MEDICINE_TANK | qmmed.CID = qal.CMEDICINE_TANK_ID
列=qmmed.CMEDICINE_TANK_NAME | 药缸名称
列=qmmed.CMEDICINE_TANK_NO | 药缸编号

[映射 work_center]
字段=CWC_ID
说明=工作中心两级：父级如开料/钻孔；子级如1#开料机。报工 CWC_ID 多为机台。
关联=wc | TBL_BD_WC | wc.CID = qal.CWC_ID
关联=wc_p | TBL_BD_WC | wc_p.CID = wc.CPARENT | 依赖=wc
列=COALESCE(wc_p.CWC_NAME, wc.CWC_NAME) | 工作中心名称
列=COALESCE(wc_p.CWC_NO, wc.CWC_NO) | 工作中心编码
列=wc.CWC_NAME | 机台名称
列=wc.CWC_NO | 机台编码

[映射 assay_user_to_sys_user]
字段=CASSAY_USER
类型=账号
关联=sysus | TBL_SYS_USER | sysus.CUSER_NAME = qal.CASSAY_USER
列=qal.CASSAY_USER | 化验人账号
列=sysus.CDISPLAY_NAME | 化验人姓名

展示列=qal.CID | 主键ID
展示列=qal.CASSAY_RESULT | 化验结果
展示列=qal.CASSAY_STATUS | 化验状态
展示列=qal.CASSAY_TIME | 化验时间
展示列=qal.CBASE_TASK_NO | 基础任务编号
展示列=qal.CCHECK_REMARK | 审核备注
展示列=qal.CCHECK_STATUS | 审核状态
展示列=qal.CCHECK_TIME | 审核时间
展示列=qal.CCHECK_USER | 审核人
展示列=qal.CIS_OPEN_LINE | 是否开线前分析
展示列=qal.CRECEIVE_TIME | 接收时间
展示列=qal.CRECEIVE_USER | 接收人
展示列=qal.CREMARK | 备注
展示列=qal.CSAMPLE_BARCODE | 样品条码
展示列=qal.CSAMPLE_REMARK | 取样备注
展示列=qal.CSAMPLE_TIME | 取样时间
展示列=qal.CSAMPLE_USER | 取样人
展示列=qal.CSHIFT | 班次
展示列=qal.CTASK_NO | 任务编号
展示列=qal.CTASK_STAND_TIME_E | 任务标准结束时间
展示列=qal.CTASK_STAND_TIME_S | 任务标准开始时间
展示列=qal.CTASK_STATUS | 任务状态
展示列=qal.CTASK_TAG | 任务标签
展示列=qal.CTASK_TYPE | 任务类型
展示列=qal.CTEMPLATE_ID | 模板ID

[表 TBL_QM_ASSAY_LOG_ITEM]
标签=化验任务明细表
关键词=化验任务明细表
别名=qal

[映射 assay_log_id_to_qm_assay_log]
字段=CASSAY_LOG_ID
关联=qmass | TBL_QM_ASSAY_LOG | qmass.CID = qal.CASSAY_LOG_ID
列=qmass.CBASE_TASK_NO | 基础任务编号
列=qmass.CSAMPLE_BARCODE | 样品条码
列=qmass.CTASK_NO | 任务编号

[映射 user_created]
字段=CUSER_CREATED
类型=账号
关联=sysus | TBL_SYS_USER | sysus.CUSER_NAME = qal.CUSER_CREATED
列=qal.CUSER_CREATED | 创建人账号
列=sysus.CDISPLAY_NAME | 创建人姓名

[映射 user_modified]
字段=CUSER_MODIFIED
类型=账号
关联=sysus2 | TBL_SYS_USER | sysus2.CUSER_NAME = qal.CUSER_MODIFIED
列=qal.CUSER_MODIFIED | 修改人账号
列=sysus2.CDISPLAY_NAME | 修改人姓名

展示列=qal.CID | 主键ID
展示列=qal.CALARM_MAX_VALUE | 预警值上限
展示列=qal.CALARM_MIN_VALUE | 预警值下限
展示列=qal.CCHECK_CONTENT | 校验内容ID
展示列=qal.CCHECK_WAY | 校验方式
展示列=qal.CCORRECTIVE_ACTION | 纠正措施
展示列=qal.CDATETIME_CREATED | 创建时间
展示列=qal.CDATETIME_MODIFIED | 修改时间
展示列=qal.CEND_VALUE | 终值
展示列=qal.CENTERPRISE_CODE | 企业代码
展示列=qal.CFORMULA | 补加量公式
展示列=qal.CINPUT_FORMULA | 结果值计算公式
展示列=qal.CINPUT_TYPE | 录入框类型
展示列=qal.CINPUT_VALUE | 录入值
展示列=qal.CINSTANCE_ID | 实例ID
展示列=qal.CIS_CHECK_RESULT | 是否校验
展示列=qal.CIS_CONFIRM | 是否已确认添加
展示列=qal.CIS_MUST | 是否必填
展示列=qal.CITEM_FREQ_ID | 任务频率ID
展示列=qal.CLIST_SOURCE | 下拉框数据源
展示列=qal.CLIST_SOURCE_TYPE | 下拉框数据源类型
展示列=qal.CORG_CODE | 组织代码
展示列=qal.CPROCESS_INFO | 原因分析
展示列=qal.CREMARK | 备注
展示列=qal.CREPLENISHMENT | 补加量
展示列=qal.CRESULT | 结果
展示列=qal.CRETEST_RESULT | 复测结果
展示列=qal.CRETEST_TIME | 复测时间
展示列=qal.CRETEST_USER | 复测人
展示列=qal.CRETEST_VALUE | 复测值
展示列=qal.CROWREMARK | 行备注
展示列=qal.CSEQ | 顺序号
展示列=qal.CSTANDARD_MAX_ALLOW | 是否允许等于上限
展示列=qal.CSTANDARD_MAX_VALUE | 标准值上限
展示列=qal.CSTANDARD_MIN_ALLOW | 是否允许等于下限
展示列=qal.CSTANDARD_MIN_VALUE | 标准值下限
展示列=qal.CSTANDARD_VALUE | 标准值
展示列=qal.CSTANDARD_VALUE_TYPE | 标准值类型
展示列=qal.CSTART_VALUE | 始值
展示列=qal.CSTATE | 状态
展示列=qal.CTEMPLATE_ITEM_CODE | 项目编码
展示列=qal.CTEMPLATE_ITEM_DESC | 项目描述
展示列=qal.CTEMPLATE_ITEM_NAME | 项目名称
展示列=qal.CTEMPLATE_ITEM_TAG | 项目标签
展示列=qal.CTITRATION_VALUE | 滴定值
展示列=qal.CUNIT | 单位

[表 TBL_QM_CC_EXCEPTION]
标签=客诉异常报告信息表
关键词=客诉异常报告信息表
别名=qce

[映射 item]
字段=CITEM_ID
关联=i | TBL_BD_ITEM | i.CID = qce.CITEM_ID
列=i.CITEM_NO | 料号
列=i.CITEM_NAME | 品名

[映射 excep_process_id_to_bd_process]
字段=CEXCEP_PROCESS_ID
关联=bdpro | TBL_BD_PROCESS | bdpro.CID = qce.CEXCEP_PROCESS_ID
列=bdpro.CPROCESS_NAME | 工序名称
列=bdpro.CPROCESS_NO | 工序编码

[映射 duty_process_id_to_bd_process]
字段=CDUTY_PROCESS_ID
关联=bdpro2 | TBL_BD_PROCESS | bdpro2.CID = qce.CDUTY_PROCESS_ID
列=bdpro2.CPROCESS_NAME | 工序名称
列=bdpro2.CPROCESS_NO | 工序编码

[映射 out_process_id_to_bd_process]
字段=COUT_PROCESS_ID
关联=bdpro3 | TBL_BD_PROCESS | bdpro3.CID = qce.COUT_PROCESS_ID
列=bdpro3.CPROCESS_NAME | 工序名称
列=bdpro3.CPROCESS_NO | 工序编码

展示列=qce.CID | 主键ID
展示列=qce.CAUDIT_MAN | 审核人
展示列=qce.CAUDIT_TIME | 审核时间
展示列=qce.CBAD_QTY | 不良数量
展示列=qce.CBAD_RATIO | 不良比例
展示列=qce.CBAD_TYPE | 不良类型
展示列=qce.CCHECK_USER | 检查人
展示列=qce.CCOMPLAINT_LEVEL | 客诉等级
展示列=qce.CCUR_PROCESS | 当前流程
展示列=qce.CCUSTOMER_MODEL | 客户型号
展示列=qce.CCUSTOMER_NO | 客户代码
展示列=qce.CDATA_TYPE | 数据类型
展示列=qce.CDUTY_PROCESS_USER | 责任工序责任人
展示列=qce.CEFFECT_VERIFICATION | 效果验证
展示列=qce.CEXCEP_CODE | 报告编号
展示列=qce.CEXCEP_DESC | 异常描述
展示列=qce.CFEEDBACK_DATE | 反馈日期
展示列=qce.CIPQA_AUDIT_MAN | IPQA审核人
展示列=qce.CIPQA_AUDIT_REMARK | IPQA审核备注
展示列=qce.CIPQA_AUDIT_STATUS | IPQA审核状态
展示列=qce.CIPQA_AUDIT_TIME | IPQA审核时间
展示列=qce.CIPQA_TIME | IPQA处理时间
展示列=qce.CIS_SYNC_CUSTOMER | 是否同步客户
展示列=qce.CITEM_NO | 产品型号
展示列=qce.CMATERIAL_PLACE | 生产场所
展示列=qce.CNEED_DATE | 要求日期
展示列=qce.COCCUR_DATE | 发生时间
展示列=qce.COCCUR_PLACE | 发送地点
展示列=qce.COUT_CAUSE_STATUS | 流出原因分析状态
展示列=qce.COUT_IMPLEMENT_STATUS | 流出执行状态
展示列=qce.COUT_MEASURE_STATUS | 流出措施状态
展示列=qce.COUT_PROCESS_USER | 流出工序责任人
展示列=qce.CPREVENT_STATUS | 预防状态
展示列=qce.CPRO_CAUSE_STATUS | 生产原因分析状态
展示列=qce.CPRO_IMPLEMENT_STATUS | 生产执行状态
展示列=qce.CPRO_MEASURE_STATUS | 生产措施状态
展示列=qce.CPRODUCT_STAGE | 产品阶段
展示列=qce.CRECEIVE_USER | 接收人
展示列=qce.CREMARK | 备注
展示列=qce.CSHIPMENT_QTY | 出货数量
展示列=qce.CSTATUS | 状态

[表 TBL_QM_COMPLAINT_IMAGE]
标签=品质投诉图片表
关键词=品质投诉图片表
别名=qci

[映射 omplaint_id_to_qm_complaint]
字段=CCOMPLAINT_ID
关联=qmcom | TBL_QM_COMPLAINT | qmcom.CID = qci.CCOMPLAINT_ID
列=qmcom.C8D_NUMBER | 8D编号
列=qmcom.CCUSTOMER_CODE | 客户编码

展示列=qci.CID | 主键ID
展示列=qci.CFILE_NAME | 文件名称
展示列=qci.CFILE_PATH | Minio文件存储路径

[表 TBL_QM_INSPECTION_RECORD_ITEM]
标签=品质检验记录明细表
关键词=品质检验记录明细表
别名=qir

[映射 inspection_record_id_to_qm_inspect_r]
字段=CINSPECTION_RECORD_ID
关联=qmins | TBL_QM_INSPECT_RECORD | qmins.CID = qir.CINSPECTION_RECORD_ID
列=qmins.CCHECK_USER_NAME | 审核人
列=qmins.CINSPECT_CODE | 检验单号
列=qmins.CINSPECT_USER_NAME | 检验人
列=qmins.CLAB_INSPECT_USER_NAME | 实验室检验人

展示列=qir.CID | 主键ID
展示列=qir.CALARM_MAX_VALUE | 预警上限
展示列=qir.CALARM_MIN_VALUE | 预警下限
展示列=qir.CIMG | 图片Base64编码
展示列=qir.CINPUT_VALUE | 输入值
展示列=qir.CINSEPCT_WAY | 检验方式
展示列=qir.CINSPECTION_TOOL_CID | 检验工具ID
展示列=qir.CIS_PHYSICS_LAB | 是否送物理实验室
展示列=qir.CREMARK | 备注
展示列=qir.CRESULT | 检验结果
展示列=qir.CSAMPLE_QTY | 抽样数量
展示列=qir.CSEQ | 顺序号
展示列=qir.CSTANDARD_MAX_ALLOW | 标准上限是否允许等于
展示列=qir.CSTANDARD_MAX_VALUE | 标准上限
展示列=qir.CSTANDARD_MIN_ALLOW | 标准下限是否允许等于
展示列=qir.CSTANDARD_MIN_VALUE | 标准下限
展示列=qir.CSTANDARD_VALUE | 标准值
展示列=qir.CSTANDARD_VALUE_TYPE | 标准值类型
展示列=qir.CTEMPLATE_ITEM_CODE | 模板项目编码
展示列=qir.CTEMPLATE_ITEM_DESC | 模板项目描述
展示列=qir.CTEMPLATE_ITEM_ID | 模板项目ID
展示列=qir.CTEMPLATE_ITEM_NAME | 模板项目名称
展示列=qir.CTEMPLATE_ITEM_TAG | 模板项目标签
展示列=qir.CUNIT | 单位
展示列=qir.LOWER_TOLERANCE | 下公差
展示列=qir.orientation | 图片方向
展示列=qir.UPPER_TOLERANCE | 上公差
展示列=qir.url | 图片地址

[表 TBL_QM_MEDICINE_TANK]
标签=药缸信息表
关键词=药缸信息表
别名=qmt

[映射 work_center]
字段=CWC_ID
说明=工作中心两级：父级如开料/钻孔；子级如1#开料机。报工 CWC_ID 多为机台。
关联=wc | TBL_BD_WC | wc.CID = qmt.CWC_ID
关联=wc_p | TBL_BD_WC | wc_p.CID = wc.CPARENT | 依赖=wc
列=COALESCE(wc_p.CWC_NAME, wc.CWC_NAME) | 工作中心名称
列=COALESCE(wc_p.CWC_NO, wc.CWC_NO) | 工作中心编码
列=wc.CWC_NAME | 机台名称
列=wc.CWC_NO | 机台编码

展示列=qmt.CID | 主键ID
展示列=qmt.CMEDICINE_TANK_NAME | 药缸名称
展示列=qmt.CMEDICINE_TANK_NO | 药缸编号
展示列=qmt.CREMARK | 备注
展示列=qmt.CTEMPLATE_ID | 模板ID

[表 TBL_QM_PL_LOG]
标签=物理实验室送检记录主表
关键词=物理实验室送检记录主表
别名=qpl

[映射 item]
字段=CITEM_ID
关联=i | TBL_BD_ITEM | i.CID = qpl.CITEM_ID
列=i.CITEM_NO | 料号
列=i.CITEM_NAME | 品名

[映射 process]
字段=CPROCESS_ID
关联=p | TBL_BD_PROCESS | p.CID = qpl.CPROCESS_ID
列=p.CPROCESS_NAME | 工序名称
列=p.CPROCESS_NO | 工序编码

[映射 work_center]
字段=CWC_ID
说明=工作中心两级：父级如开料/钻孔；子级如1#开料机。报工 CWC_ID 多为机台。
关联=wc | TBL_BD_WC | wc.CID = qpl.CWC_ID
关联=wc_p | TBL_BD_WC | wc_p.CID = wc.CPARENT | 依赖=wc
列=COALESCE(wc_p.CWC_NAME, wc.CWC_NAME) | 工作中心名称
列=COALESCE(wc_p.CWC_NO, wc.CWC_NO) | 工作中心编码
列=wc.CWC_NAME | 机台名称
列=wc.CWC_NO | 机台编码

展示列=qpl.CID | 主键ID
展示列=qpl.CCHECK_REMARK | 审核备注
展示列=qpl.CCHECK_TIME | 审核时间
展示列=qpl.CCHECK_USER | 审核人
展示列=qpl.CINSPECT_CODE | 检验单号
展示列=qpl.CINSPECT_QTY | 检验数量
展示列=qpl.CINSPECT_REMARK | 检验备注
展示列=qpl.CINSPECT_TIME | 检验时间
展示列=qpl.CINSPECT_TYPE | 检验类型
展示列=qpl.CINSPECT_USER | 检验人
展示列=qpl.CIS_LAB | 是否送检
展示列=qpl.CNG_DISPOSAL | 不良处置
展示列=qpl.CORDER_ID | 订单ID
展示列=qpl.CPOSITION | 送检位置
展示列=qpl.CRECEIVE_TIME | 接收时间
展示列=qpl.CRECEIVE_USER | 接收人
展示列=qpl.CREMARK | 备注
展示列=qpl.CRESULT | 结果
展示列=qpl.CSCAN_BARCODE | 扫描条码
展示列=qpl.CSHIFT | 班次
展示列=qpl.CSTATUS | 状态
展示列=qpl.CSUBMIT_QTY | 报检数量
展示列=qpl.CSUBMIT_REMARK | 送检备注
展示列=qpl.CSUBMIT_REQUEST | 送检要求
展示列=qpl.CSUBMIT_TIME | 送检时间
展示列=qpl.CSUBMIT_USER | 送检人
展示列=qpl.CTEMPLATE_ID | 模板ID
展示列=qpl.CTEST_ITEM_ID | 检测项目ID
展示列=qpl.CTEST_ITEM_NAME | 检测项目名称
展示列=qpl.CUNIT | 单位

[表 TBL_QM_PL_LOG_ITEM]
标签=物理实验室送检记录明细表
关键词=物理实验室送检记录明细表
别名=qpl

[映射 pl_log_id_to_qm_pl_log]
字段=CPL_LOG_ID
关联=qmpl | TBL_QM_PL_LOG | qmpl.CID = qpl.CPL_LOG_ID
列=qmpl.CINSPECT_CODE | 检验单号
列=qmpl.CMO_LOT | 工单批次
列=qmpl.CSCAN_BARCODE | 扫描条码
列=qmpl.CTEST_ITEM_NAME | 检测项目名称

展示列=qpl.CID | 主键ID
展示列=qpl.CALARM_MAX_VALUE | 预警上限
展示列=qpl.CALARM_MIN_VALUE | 预警下限
展示列=qpl.CINPUT_VALUE | 输入值
展示列=qpl.CINPUT_VALUE_COUNT | 输入值数量
展示列=qpl.CPOSITION | 位置
展示列=qpl.CREMARK | 备注
展示列=qpl.CRESULT | 判定结果
展示列=qpl.CSCRAP_QTY | 报废数量
展示列=qpl.CSEQ | 顺序号
展示列=qpl.CSTANDARD_MAX_ALLOW | 标准上限是否允许等于
展示列=qpl.CSTANDARD_MAX_VALUE | 标准上限
展示列=qpl.CSTANDARD_MIN_ALLOW | 标准下限是否允许等于
展示列=qpl.CSTANDARD_MIN_VALUE | 标准下限
展示列=qpl.CSTANDARD_VALUE | 标准值
展示列=qpl.CSTANDARD_VALUE_TYPE | 标准值类型
展示列=qpl.CSUBMIT_REQUEST | 送检要求
展示列=qpl.CTEMPLATE_ITEM_CODE | 模板项目编码
展示列=qpl.CTEMPLATE_ITEM_DESC | 模板项目描述
展示列=qpl.CTEMPLATE_ITEM_ID | 模板项目ID
展示列=qpl.CTEMPLATE_ITEM_NAME | 模板项目名称
展示列=qpl.CTEMPLATE_ITEM_TAG | 模板项目标签
展示列=qpl.CTEXTBOX_QTY | 文本框数量
展示列=qpl.CUNIT | 单位

[表 TBL_SFC_PACKAGE]
标签=包装信息表
关键词=包装信息表
别名=sp

[映射 item]
字段=CITEM_ID
关联=i | TBL_BD_ITEM | i.CID = sp.CITEM_ID
列=i.CITEM_NO | 料号
列=i.CITEM_NAME | 品名

展示列=sp.CID | 主键ID
展示列=sp.CBARCODE | 条码
展示列=sp.CBATCH_NUMBER | 批次号
展示列=sp.CCUSTOMER_CODE | 客户编码
展示列=sp.CCUSTOMER_ITEM_NAME | 客户品名
展示列=sp.CCUSTOMER_ITEM_NO | 客户料号
展示列=sp.CCYCLE | 周期
展示列=sp.CINVENTORY_STATUS | 库存状态
展示列=sp.CIS_REPRINT | 是否补打
展示列=sp.CLEVEL | 包装层级
展示列=sp.CNET_WEIGHT | 净重
展示列=sp.CORDER_ID | 订单ID
展示列=sp.CORDER_NO | 订单号
展示列=sp.CPACKING_TIME | 包装时间
展示列=sp.CPARAM_VALUE | 参数值
展示列=sp.CPARENT_ID | 父级包装ID
展示列=sp.CQTY | 数量
展示列=sp.CREMARK | 备注
展示列=sp.CSALES_ORDER | 销售订单
展示列=sp.CSET_PCS_QTY | SET开板数
展示列=sp.CSET_X_QTY | SET叉板数
展示列=sp.CSOURCE_BARCODE | 补打前的箱号
展示列=sp.CSPLIT_DATETIME | 拆分时间
展示列=sp.CSPLIT_ID | 上级条码ID
展示列=sp.CSTATUS | 状态
展示列=sp.CWEIGHT | 毛重
展示列=sp.CX_QTY | 叉板数
展示列=sp.EXPAND1 | 扩展字段1
展示列=sp.ScrapDateTime | 报废时间
展示列=sp.ScrapUser | 报废人
展示列=sp.XOUT | 叉板值

[表 TBL_SFC_PACKAGE_RULE_EXT]
标签=包装规则扩展配置表
关键词=包装规则扩展配置表
别名=spr

[映射 package_rule_id_to_sfc_package_]
字段=CPACKAGE_RULE_ID
关联=sfcpa | TBL_SFC_PACKAGE_RULE | sfcpa.CID = spr.CPACKAGE_RULE_ID
列=sfcpa.CIS_MULTI_LOT | 是否允许多批次混装
列=sfcpa.CRULE_NAME | 规则名称

展示列=spr.CID | 主键ID
展示列=spr.CEXTEND_1 | 板间隔纸
展示列=spr.CEXTEND_10 | 有无工艺边
展示列=spr.CEXTEND_11 | 有无RoHS
展示列=spr.CEXTEND_12 | 纸箱要求
展示列=spr.CEXTEND_13 | 填充方式
展示列=spr.CEXTEND_14 | 每箱重量
展示列=spr.CEXTEND_15 | 特别要求
展示列=spr.CEXTEND_16 | 封箱方式
展示列=spr.CEXTEND_17 | 打带方式
展示列=spr.CEXTEND_18 | 外箱标签
展示列=spr.CEXTEND_19 | 外箱其他标识
展示列=spr.CEXTEND_2 | 上下垫板
展示列=spr.CEXTEND_20 | 其他特别要求
展示列=spr.CEXTEND_21 | 有无卤素
展示列=spr.CEXTEND_22 | 有无HF
展示列=spr.CEXTEND_23 | 有无工艺边
展示列=spr.CEXTEND_24 | 有无RoHS
展示列=spr.CEXTEND_3 | 干燥剂
展示列=spr.CEXTEND_4 | 湿度卡
展示列=spr.CEXTEND_5 | 包装方式
展示列=spr.CEXTEND_6 | 小包标签
展示列=spr.CEXTEND_7 | 其他特别要求
展示列=spr.CEXTEND_8 | 有无卤素
展示列=spr.CEXTEND_9 | 有无HF
展示列=spr.CIMAGE_DATA | 图片

[表 TBL_SFC_RECIPE_LOT_LINK]
标签=工单批次配方项目明细表
关键词=工单批次配方项目明细表
别名=srl

[映射 r_lot_id_to_sfc_recipe_l]
字段=CR_LOT_ID
关联=sfcre | TBL_SFC_RECIPE_LOT | sfcre.CID = srl.CR_LOT_ID
列=sfcre.CAPPLY_NO | 申请编号
列=sfcre.CENTERPRISE_CODE | 企业代码
列=sfcre.CITEM_NAME | 料号名称
列=sfcre.CMO_LOT | 工单批次

[映射 user_created]
字段=CUSER_CREATED
类型=账号
关联=sysus | TBL_SYS_USER | sysus.CUSER_NAME = srl.CUSER_CREATED
列=srl.CUSER_CREATED | 创建人账号
列=sysus.CDISPLAY_NAME | 创建人姓名

[映射 user_modified]
字段=CUSER_MODIFIED
类型=账号
关联=sysus2 | TBL_SYS_USER | sysus2.CUSER_NAME = srl.CUSER_MODIFIED
列=srl.CUSER_MODIFIED | 修改人账号
列=sysus2.CDISPLAY_NAME | 修改人姓名

展示列=srl.CID | 主键ID
展示列=srl.CDATETIME_CREATED | 创建时间
展示列=srl.CDATETIME_MODIFIED | 修改时间
展示列=srl.CENTERPRISE_CODE | 企业代码
展示列=srl.CEXPRESSION | 校验表达式
展示列=srl.CINSTANCE_ID | 实例ID
展示列=srl.CMAX_TOLERANCE | 最大公差
展示列=srl.CMAX_VALUE | 最大值
展示列=srl.CMIN_TOLERANCE | 最小公差
展示列=srl.CMIN_VALUE | 最小值
展示列=srl.CORG_CODE | 组织代码
展示列=srl.CREAL_VALUE | 实际值
展示列=srl.CREMARK | 备注
展示列=srl.CRI_DATA_TYPE | 数据类型
展示列=srl.CRI_DATA_UNIT | 数据单位
展示列=srl.CRI_DESC | 配方项描述
展示列=srl.CRI_ID | 配方项ID
展示列=srl.CRI_NAME | 配方项名称
展示列=srl.CRI_NO | 配方项编码
展示列=srl.CRI_TYPE | 项目类型
展示列=srl.CROWREMARK | 行备注
展示列=srl.CSEQ | 排序号
展示列=srl.CSTANDARD_VALUE | 标准值
展示列=srl.CSTATE | 状态标识
展示列=srl.CVALUE_TYPE | 值类型

[表 TBL_SFC_RECIPE_PRODUCT]
标签=按产品维度的配方申请主表
关键词=按产品维度的配方申请主表
别名=srp

[映射 item]
字段=CITEM_ID
关联=i | TBL_BD_ITEM | i.CID = srp.CITEM_ID
列=i.CITEM_NO | 料号
列=i.CITEM_NAME | 品名

[映射 user_created]
字段=CUSER_CREATED
类型=账号
关联=sysus | TBL_SYS_USER | sysus.CUSER_NAME = srp.CUSER_CREATED
列=srp.CUSER_CREATED | 创建人账号
列=sysus.CDISPLAY_NAME | 创建人姓名

[映射 user_modified]
字段=CUSER_MODIFIED
类型=账号
关联=sysus2 | TBL_SYS_USER | sysus2.CUSER_NAME = srp.CUSER_MODIFIED
列=srp.CUSER_MODIFIED | 修改人账号
列=sysus2.CDISPLAY_NAME | 修改人姓名

展示列=srp.CID | 主键ID
展示列=srp.CAUDIT_DESC | 审核说明
展示列=srp.CAUDIT_TIME | 审核时间
展示列=srp.CAUDIT_USER | 审核人
展示列=srp.CDATETIME_CREATED | 创建时间
展示列=srp.CDATETIME_MODIFIED | 修改时间
展示列=srp.CDD_TYPE | 打点类型
展示列=srp.CENTERPRISE_CODE | 企业代码
展示列=srp.CINSTANCE_ID | 实例ID
展示列=srp.CORG_CODE | 组织代码
展示列=srp.CREMARK | 备注
展示列=srp.CROWREMARK | 行备注
展示列=srp.CSTATE | 状态标识
展示列=srp.CSTATUS | 审核状态
展示列=srp.CSU_ID | 提交用户ID
展示列=srp.CSU_R_ID | 申请单关联ID
展示列=srp.CVERSION | 版本

[表 TBL_SFC_RECIPE_PRODUCT_LINK]
标签=产品配方项目明细表
关键词=产品配方项目明细表
别名=srp

[映射 r_product_id_to_sfc_recipe_p]
字段=CR_PRODUCT_ID
关联=sfcre | TBL_SFC_RECIPE_PRODUCT | sfcre.CID = srp.CR_PRODUCT_ID
列=sfcre.CENTERPRISE_CODE | 企业代码
列=sfcre.CORG_CODE | 组织代码

[映射 user_created]
字段=CUSER_CREATED
类型=账号
关联=sysus | TBL_SYS_USER | sysus.CUSER_NAME = srp.CUSER_CREATED
列=srp.CUSER_CREATED | 创建人账号
列=sysus.CDISPLAY_NAME | 创建人姓名

[映射 user_modified]
字段=CUSER_MODIFIED
类型=账号
关联=sysus2 | TBL_SYS_USER | sysus2.CUSER_NAME = srp.CUSER_MODIFIED
列=srp.CUSER_MODIFIED | 修改人账号
列=sysus2.CDISPLAY_NAME | 修改人姓名

展示列=srp.CID | 主键ID
展示列=srp.CDATETIME_CREATED | 创建时间
展示列=srp.CDATETIME_MODIFIED | 修改时间
展示列=srp.CENTERPRISE_CODE | 企业代码
展示列=srp.CEXPRESSION | 校验表达式
展示列=srp.CINSTANCE_ID | 实例ID
展示列=srp.CMAX_TOLERANCE | 最大公差
展示列=srp.CMAX_VALUE | 最大值
展示列=srp.CMIN_TOLERANCE | 最小公差
展示列=srp.CMIN_VALUE | 最小值
展示列=srp.CORG_CODE | 组织代码
展示列=srp.CREAL_VALUE | 实际值
展示列=srp.CREMARK | 备注
展示列=srp.CRI_DATA_TYPE | 数据类型
展示列=srp.CRI_DATA_UNIT | 数据单位
展示列=srp.CRI_DESC | 配方项描述
展示列=srp.CRI_ID | 配方项ID
展示列=srp.CRI_NAME | 配方项名称
展示列=srp.CRI_NO | 配方项编码
展示列=srp.CRI_TYPE | 项目类型
展示列=srp.CROWREMARK | 行备注
展示列=srp.CSEQ | 排序号
展示列=srp.CSTANDARD_VALUE | 标准值
展示列=srp.CSTATE | 状态标识
展示列=srp.CVALUE_TYPE | 值类型

[表 TBL_SFC_WS_TEMPLATE_LINK]
标签=工位模板关联配置表
关键词=工位模板关联配置表
别名=swt

[映射 process]
字段=CPROCESS_ID
关联=p | TBL_BD_PROCESS | p.CID = swt.CPROCESS_ID
列=p.CPROCESS_NAME | 工序名称
列=p.CPROCESS_NO | 工序编码

[映射 work_center]
字段=CWC_ID
说明=工作中心两级：父级如开料/钻孔；子级如1#开料机。报工 CWC_ID 多为机台。
关联=wc | TBL_BD_WC | wc.CID = swt.CWC_ID
关联=wc_p | TBL_BD_WC | wc_p.CID = wc.CPARENT | 依赖=wc
列=COALESCE(wc_p.CWC_NAME, wc.CWC_NAME) | 工作中心名称
列=COALESCE(wc_p.CWC_NO, wc.CWC_NO) | 工作中心编码
列=wc.CWC_NAME | 机台名称
列=wc.CWC_NO | 机台编码

展示列=swt.CID | 主键ID
展示列=swt.CREMARK | 备注
展示列=swt.CTEMPLATE_ID | 模板ID

[表 TBL_SPC_CONTROL_CHARACTERISTIC]
标签=SPC管控特性主表
关键词=SPC管控特性主表
别名=scc

[映射 process]
字段=CPROCESS_ID
关联=p | TBL_BD_PROCESS | p.CID = scc.CPROCESS_ID
列=p.CPROCESS_NAME | 工序名称
列=p.CPROCESS_NO | 工序编码

[映射 work_center]
字段=CWC_ID
说明=工作中心两级：父级如开料/钻孔；子级如1#开料机。报工 CWC_ID 多为机台。
关联=wc | TBL_BD_WC | wc.CID = scc.CWC_ID
关联=wc_p | TBL_BD_WC | wc_p.CID = wc.CPARENT | 依赖=wc
列=COALESCE(wc_p.CWC_NAME, wc.CWC_NAME) | 工作中心名称
列=COALESCE(wc_p.CWC_NO, wc.CWC_NO) | 工作中心编码
列=wc.CWC_NAME | 机台名称
列=wc.CWC_NO | 机台编码

展示列=scc.CID | 主键ID
展示列=scc.CCALCULATION_METHOD | 计算方法
展示列=scc.CCHART_TYPE | 控制图类型
展示列=scc.CCPK | CPK
展示列=scc.CCRITIAL_CONTROL | 是否关键控制项
展示列=scc.CDECIML_PLACES | 小数位数
展示列=scc.CMEASURE_INSTRUMENT | 测量仪器
展示列=scc.CMEASURE_METHOD | 测量方法
展示列=scc.CMEASURE_REMARK | 测量备注
展示列=scc.CREFRENCE_FILE | 参考文件
展示列=scc.CSAMPLE_COUNT | 抽样数量
展示列=scc.CSAMPLING_FREQ | 抽样频率
展示列=scc.CSAMPLING_REMARK | 抽样说明
展示列=scc.CSAMPLING_UNIT | 抽样频率单位
展示列=scc.CSPECIFICATION_LOW_LIMIT | 规格下限
展示列=scc.CSPECIFICATION_STANDARD | 规格中心值
展示列=scc.CSPECIFICATION_UP_LIMIT | 规格上限
展示列=scc.CSTATUS | 发布状态
展示列=scc.CTYPE | 特性类型
展示列=scc.CUNIT | 单位
展示列=scc.CVARIABLE_CODE | 特性编码
展示列=scc.CVARIABLE_NAME | 特性名称

[表 TBL_SPC_CONTROL_CHARACTERISTIC_ITEM_LINK]
标签=SPC管控特性与对象关联表
关键词=SPC管控特性与对象关联表
别名=scc

[映射 variable_id_to_spc_control_]
字段=CVARIABLE_ID
关联=spcco | TBL_SPC_CONTROL_CHARACTERISTIC | spcco.CID = scc.CVARIABLE_ID
列=spcco.CVARIABLE_CODE | 特性编码
列=spcco.CVARIABLE_NAME | 特性名称

展示列=scc.CID | 主键ID
展示列=scc.CDATA_SOURCE | 数据来源
展示列=scc.CITEM_NO | 料号
展示列=scc.CTEMP_NO | 模板编号
展示列=scc.CTYPE | 关联对象类型

[表 TBL_SPC_CONTROL_CHARACTERISTIC_LIMIT]
标签=SPC管控特性控制限配置表
关键词=SPC管控特性控制限配置表
别名=scc

[映射 variable_id_to_spc_control_]
字段=CVARIABLE_ID
关联=spcco | TBL_SPC_CONTROL_CHARACTERISTIC | spcco.CID = scc.CVARIABLE_ID
列=spcco.CVARIABLE_CODE | 特性编码
列=spcco.CVARIABLE_NAME | 特性名称

展示列=scc.CID | 主键ID
展示列=scc.CCONTROL_METHOD | 管制方法
展示列=scc.CLCL_CONTROL_LOW_LIMIT | 下控制图管制下限
展示列=scc.CLCL_CONTROL_MIDDLE | 下控制图管制中线
展示列=scc.CLCL_CONTROL_UP_LIMIT | 下控制图管制上限
展示列=scc.CUCL_CONTROL_LOW_LIMIT | 上控制图管制下限
展示列=scc.CUCL_CONTROL_MIDDLE | 上控制图管制中线
展示列=scc.CUCL_CONTROL_UP_LIMIT | 上控制图管制上限

[表 TBL_SPC_CONTROL_CHARACTERISTIC_RULE_LINK]
标签=SPC管控特性与判异规则关联表
关键词=SPC管控特性与判异规则关联表
别名=scc

[映射 variable_id_to_spc_control_]
字段=CVARIABLE_ID
关联=spcco | TBL_SPC_CONTROL_CHARACTERISTIC | spcco.CID = scc.CVARIABLE_ID
列=spcco.CVARIABLE_CODE | 特性编码
列=spcco.CVARIABLE_NAME | 特性名称

展示列=scc.CID | 主键ID
展示列=scc.CCHART_TYPE | 图类型
展示列=scc.CGROUP_ID | 分组ID
展示列=scc.CRULE_ID | 规则ID

[表 TBL_SPC_DATA_REAL]
标签=SPC实时采样数据表
关键词=SPC实时采样数据表
别名=sdr

[映射 variable_id_to_spc_control_]
字段=CVARIABLE_ID
关联=spcco | TBL_SPC_CONTROL_CHARACTERISTIC | spcco.CID = sdr.CVARIABLE_ID
列=spcco.CVARIABLE_CODE | 特性编码
列=spcco.CVARIABLE_NAME | 特性名称

展示列=sdr.CID | 主键ID
展示列=sdr.CCRAFT_AUDIT_MAN | 工艺审核人
展示列=sdr.CCRAFT_AUDIT_STATUS | 工艺审核状态
展示列=sdr.CCRAFT_AUDIT_TIME | 工艺审核时间
展示列=sdr.CINPUT_TIME | 录入时间
展示列=sdr.CINPUT_VALUE1 | 输入值1
展示列=sdr.CINPUT_VALUE2 | 输入值2
展示列=sdr.CINPUT_VALUE3 | 输入值3
展示列=sdr.CINPUT_VALUE4 | 输入值4
展示列=sdr.CINPUT_VALUE5 | 输入值5
展示列=sdr.CINPUT_VALUE6 | 输入值6
展示列=sdr.CIPQA_AUDIT_MAN | IPQA审核人
展示列=sdr.CIPQA_AUDIT_STATUS | IPQA审核状态
展示列=sdr.CIPQA_AUDIT_TIME | IPQA审核时间
展示列=sdr.CIS_NG | 是否NG
展示列=sdr.CITEM_NAME | 物料名称
展示列=sdr.CNG_REASON | NG原因
展示列=sdr.CQA_AUDIT_MAN | 品保审核人
展示列=sdr.CQA_AUDIT_STATUS | 品保审核状态
展示列=sdr.CQA_AUDIT_TIME | 品保审核时间
展示列=sdr.CQUALITY_AUDIT_MAN | 品质工程审核人
展示列=sdr.CQUALITY_AUDIT_STATUS | 品质工程审核状态
展示列=sdr.CQUALITY_AUDIT_TIME | 品质工程审核时间
展示列=sdr.CREASON_ANALYSIS | 原因分析
展示列=sdr.CREDRESS_MEASURE | 纠正措施
展示列=sdr.CSOURCE | 数据来源
展示列=sdr.CTEMP_NAME | 模板名称
展示列=sdr.CTYPE | 图类型
展示列=sdr.CVALUE | 统计值

[表 TBL_SRM_PO]
标签=采购单
关键词=采购单
别名=sp

[映射 supplier]
字段=CSUPPLIER_ID
关联=sup | TBL_BD_SUPPLIER | sup.CID = sp.CSUPPLIER_ID
列=sup.CSUPPLIER_NAME | 供应商名称
列=sup.CSUPPLIER_NO | 供应商编码

展示列=sp.CID | 主键ID
展示列=sp.CBUSINESS_TYPE | 业务类型
展示列=sp.CCHANGE_DATETIME | 变更时间
展示列=sp.CDEPT_ID | 部门ID
展示列=sp.CIS_MANUAL | 是否手动录入
展示列=sp.CPERSON_ID | 采购员ID
展示列=sp.CPO | 采购单号
展示列=sp.CPURCHASE_DATE | 采购日期
展示列=sp.CPURCHASE_TYPE | 采购方式
展示列=sp.CREMARK | 备注
展示列=sp.CREVIEW_DATETIME | 审核时间
展示列=sp.CSOURCE_ID | 来源ID
展示列=sp.CSTATUS | 状态

[表 TBL_SRM_PO_DELIVERY]
标签=采购订单交付表
关键词=采购订单交付表
别名=spd

[映射 item]
字段=CITEM_ID
关联=i | TBL_BD_ITEM | i.CID = spd.CITEM_ID
列=i.CITEM_NO | 料号
列=i.CITEM_NAME | 品名

展示列=spd.CID | 主键ID
展示列=spd.CASSIGNED_QTY | 分配数量
展示列=spd.CBATCH_CODE | 批号
展示列=spd.CDELIVERED_QTY | 送货数量
展示列=spd.CGENERATE_BARCODE_QTY | 已打条码数量
展示列=spd.CIN_STOCK_QTY | 入库数量
展示列=spd.CITEM_CODE | 物料编码
展示列=spd.CITEM_NAME | 物料名称
展示列=spd.CITEM_SPEC | 物料规格
展示列=spd.CPO_DETAIL_ID | 采购订单明细ID
展示列=spd.CQTY | 数量
展示列=spd.CREMARK | 备注
展示列=spd.CRETURN_QTY | 退货数量
展示列=spd.CSOURCE_ID | 来源ID
展示列=spd.CSTATUS | 状态
展示列=spd.CSUPPLIER_CONFIRM_DELIVERY_DATE | 供应商回复交期
展示列=spd.CSUPPLIER_CONFIRM_REMARK | 供应商备注
展示列=spd.CUNIT | 单位

[表 TBL_SRM_PO_DETAIL]
标签=采购订单明细
关键词=采购订单明细
别名=spd

[映射 po_id_to_srm_po]
字段=CPO_ID
关联=srmpo | TBL_SRM_PO | srmpo.CID = spd.CPO_ID
列=srmpo.CBUSINESS_TYPE | 业务类型

[映射 item]
字段=CITEM_ID
关联=i | TBL_BD_ITEM | i.CID = spd.CITEM_ID
列=i.CITEM_NO | 料号
列=i.CITEM_NAME | 品名

展示列=spd.CID | 主键ID
展示列=spd.CASSIGNED_QTY | 分配数量
展示列=spd.CBUSINESS_BILL_CODE | 业务单号
展示列=spd.CCHANGE_DATETIME | 变更时间
展示列=spd.CDELIVERED_QTY | 已交货数量
展示列=spd.CDELIVERY_DATETIME | 交货日期
展示列=spd.CGENERATE_BARCODE_QTY | 已打条码数量
展示列=spd.CIN_STOCK_QTY | 入库数量
展示列=spd.CITEM_CODE | 物料编码
展示列=spd.CITEM_NAME | 物料名称
展示列=spd.CITEM_SPEC | 物料规格
展示列=spd.CORIGIN_TYPE | 来源类型
展示列=spd.CQTY | 订单数量
展示列=spd.CREMARK | 备注
展示列=spd.CRETURN_QTY | 退货数量
展示列=spd.CSEQ | 订单行号
展示列=spd.CSOURCE_ID | 来源ID
展示列=spd.CUNIT | 单位

[表 TBL_SRM_RECEIVING]
标签=收货单主表
关键词=收货单主表
别名=sr

[映射 supplier]
字段=CSUPPLIER_ID
关联=sup | TBL_BD_SUPPLIER | sup.CID = sr.CSUPPLIER_ID
列=sup.CSUPPLIER_NAME | 供应商名称
列=sup.CSUPPLIER_NO | 供应商编码

展示列=sr.CID | 主键ID
展示列=sr.CBATCH_CODE | 批号
展示列=sr.CBILL_TYPE | 单据类型
展示列=sr.CBUSINESS_TYPE | 业务类型
展示列=sr.CPURCHASE_TYPE | 采购类型
展示列=sr.CRECEIVING_CUSTOMER | 收货客户名称
展示列=sr.CRECEIVING_DATE | 收货日期
展示列=sr.CRECEIVING_DEPT | 收货部门
展示列=sr.CRECEIVING_NO | 收货单号
展示列=sr.CRECEIVING_USER | 收货人
展示列=sr.CREMARK | 备注
展示列=sr.CSOURCE_ID | 来源ID
展示列=sr.CSTATUS | 状态

[表 TBL_SRM_RECEIVING_BARCODE]
标签=收货单条码关联表
关键词=收货单条码关联表
别名=srb

[映射 receiving_dtl_id_to_srm_receivin]
字段=CRECEIVING_DTL_ID
关联=srmre | TBL_SRM_RECEIVING_DTL | srmre.CID = srb.CRECEIVING_DTL_ID
列=srmre.CBATCH_CODE | 批号
列=srmre.CITEM_CODE | 物料编码
列=srmre.CITEM_NAME | 物料名称
列=srmre.CSOURCE_NO | 来源单号

展示列=srb.CID | 主键ID
展示列=srb.CBARCODE | 条码

[表 TBL_SRM_RECEIVING_DTL]
标签=收货单明细表
关键词=收货单明细表
别名=srd

[映射 receiving_id_to_srm_receivin]
字段=CRECEIVING_ID
关联=srmre | TBL_SRM_RECEIVING | srmre.CID = srd.CRECEIVING_ID
列=srmre.CBATCH_CODE | 批号
列=srmre.CRECEIVING_NO | 收货单号

[映射 item]
字段=CITEM_ID
关联=i | TBL_BD_ITEM | i.CID = srd.CITEM_ID
列=i.CITEM_NO | 料号
列=i.CITEM_NAME | 品名

展示列=srd.CID | 主键ID
展示列=srd.CBATCH_CODE | 批号
展示列=srd.CDELIVER_QTY | 供应商送货数量
展示列=srd.CEMERGENCY_LEVEL | 来料检验紧急程度
展示列=srd.CGOOD_QTY | 合格数量
展示列=srd.CINSOTCK_QTY | 入库数量
展示列=srd.CINSPECT_DATETIME | 检验时间
展示列=srd.CINSPECT_RESULT | 检验结果
展示列=srd.CINSPECT_USER | 检验人
展示列=srd.CINSTOCK_DATETIME | 入库时间
展示列=srd.CITEM_CODE | 物料编码
展示列=srd.CITEM_NAME | 物料名称
展示列=srd.CITEM_SPEC | 物料规格
展示列=srd.CNG_QTY | 不合格数量
展示列=srd.CPO | 采购单号
展示列=srd.CPO_DELIVERY_ID | 采购单交付ID
展示列=srd.CPO_DETAIL_ID | 采购单明细ID
展示列=srd.CPO_QTY | 采购数量
展示列=srd.CPO_SEQ | 采购订单行号
展示列=srd.CRECEIVING_QTY | 收货数量
展示列=srd.CRETURN_QTY | 退货数量
展示列=srd.CSEQ | 收货单行号
展示列=srd.CSO | 销售单号
展示列=srd.CSOURCE_ID | 来源ID
展示列=srd.CSOURCE_NO | 来源单号
展示列=srd.CSOURCE_TYPE | 来源类型
展示列=srd.CSTATUS | 状态
展示列=srd.CUNIT | 单位

[表 TBL_SYS_PARAM]
标签=系统参数配置表
关键词=系统参数配置表
别名=sp

[映射 param_type_to_sys_param_ty]
字段=CPARAM_TYPE
关联=syspa | TBL_SYS_PARAM_TYPE | syspa.CID = sp.CPARAM_TYPE
列=syspa.CPARAM_TYPE_NAME | 类别名称
列=syspa.CPARAM_TYPE_NO | 类别代码

展示列=sp.CID | 主键ID
展示列=sp.CIS_SYS | 是否系统级
展示列=sp.CPARAM_CODE | 参数编码
展示列=sp.CPARAM_DESC | 参数描述
展示列=sp.CPARAM_NAME | 参数名称
展示列=sp.CPARAM_VALUE | 参数值
展示列=sp.CPARAM_VALUE_EXPR | 参数校验表达式
展示列=sp.CPARAM_VALUE_EXT | 参数扩展值
展示列=sp.CPARAM_VALUE_SHOW_TYPE | 参数值显示类型
展示列=sp.CPARAM_VALUE_SOURCE | 参数值来源
展示列=sp.CPARAM_VALUE_TYPE | 参数值类型
展示列=sp.CREMARK | 备注信息
展示列=sp.CSEQ | 参数在分组中的顺序

[表 TBL_SYS_USER]
标签=系统用户表
关键词=系统用户表
别名=su

[映射 org_code_to_sys_organiza]
字段=CORG_CODE
关联=sysor | TBL_SYS_ORGANIZATION | sysor.CORG_NO = su.CORG_CODE
列=sysor.CORG_NAME | 组织名称
列=sysor.CORG_NO | 组织编码

[映射 id_to_sys_user_org]
字段=CID
关联=sysus | TBL_SYS_USER_ORG_MAP | sysus.CUSER_ID = su.CID
列=sysus.CIS_DEFAULT | 是否默认组织

[映射 id_to_sys_user_rol]
字段=CID
关联=sysus2 | TBL_SYS_USER_ROLE_MAP | sysus2.CUSER_ID = su.CID
列=sysus2.CROLE_ID | 角色ID

展示列=su.CCUR_HOST | 当前登录主机
展示列=su.CDATETIME_LAST_LOCKED_OUT | 最后锁定时间
展示列=su.CDATETIME_LAST_LOGIN | 最后登录时间
展示列=su.CDEFAULT_HOST | 默认登录主机
展示列=su.CDISPLAY_NAME | 用户显示名
展示列=su.CEMAIL | 邮箱
展示列=su.CENTERPRISE_CODE | 企业编码
展示列=su.CFAILED_ATTEMPT_COUNT | 登录失败次数
展示列=su.CFAILED_ATTEMPT_START | 失败计数开始时间
展示列=su.CGENDER | 性别
展示列=su.CIS_LOCKED_OUT | 是否锁定
展示列=su.CIS_ONLINE | 是否在线
展示列=su.CMOBILEPHONE | 手机号
展示列=su.CPASSWORD | 密码
展示列=su.CUSER_NAME | 用户账号
展示列=su.CUSER_TYPE | 用户类型

[表 TBL_SYS_USER_ORG_MAP]
标签=用户组织关系
关键词=用户组织关系
别名=suo

[映射 user]
字段=CUSER_ID
关联=u | TBL_SYS_USER | u.CID = suo.CUSER_ID
列=u.CDISPLAY_NAME | 用户姓名
列=u.CUSER_NAME | 用户账号

[映射 organization]
字段=CORG_ID
关联=org | TBL_SYS_ORGANIZATION | org.CID = suo.CORG_ID
列=org.CORG_NAME | 组织名称
列=org.CORG_NO | 组织编码

展示列=suo.CID | 主键ID
展示列=suo.CIS_DEFAULT | 是否默认组织
展示列=suo.CIS_DEPT_MANAGER | 是否部门负责人

[表 TBL_SYS_USER_ROLE_MAP]
标签=用户角色关系表
关键词=用户角色关系表
别名=sur

[映射 user]
字段=CUSER_ID
关联=u | TBL_SYS_USER | u.CID = sur.CUSER_ID
列=u.CDISPLAY_NAME | 用户姓名
列=u.CUSER_NAME | 用户账号

[映射 role]
字段=CROLE_ID
关联=role | TBL_SYS_ROLE | role.CID = sur.CROLE_ID
列=role.CROLE_NAME | 角色名称
列=role.CROLE_CODE | 角色编码

展示列=sur.CID | 主键ID

[表 TBL_WMS_AREA]
标签=仓库区域
关键词=仓库区域
别名=wa

[映射 warehouse]
字段=CWAREHOUSE_ID
关联=wh | TBL_WMS_WAREHOUSE | wh.CID = wa.CWAREHOUSE_ID
列=wh.CWAREHOUSE_NAME | 仓库名称
列=wh.CWAREHOUSE_CODE | 仓库编码

展示列=wa.CID | 主键ID
展示列=wa.CAREA_CODE | 区域代码
展示列=wa.CAREA_DESC | 区域描述
展示列=wa.CAREA_NAME | 区域名称
展示列=wa.CPERSON_ID | 区域管理员ID
展示列=wa.CREMARK | 备注
展示列=wa.CSOURCE_ID | 来源ID

[表 TBL_WMS_ITEM_BARCODE]
标签=物料条码表
关键词=物料条码表
别名=wib

[映射 item]
字段=CITEM_ID
关联=i | TBL_BD_ITEM | i.CID = wib.CITEM_ID
列=i.CITEM_NO | 料号
列=i.CITEM_NAME | 品名

[映射 location]
字段=CLOCATION_ID
关联=loc | TBL_WMS_LOCATION | loc.CID = wib.CLOCATION_ID
列=loc.CLOCATION_NAME | 货位名称
列=loc.CLOCATION_CODE | 货位编码

展示列=wib.CID | 主键ID
展示列=wib.CBALANCE_QTY | 剩余数量
展示列=wib.CBARCODE | 条码
展示列=wib.CBARCODE_TYPE | 条码类型
展示列=wib.CCYCLE | 周期
展示列=wib.CEFFECTIVE_STATUS | 是否超期
展示列=wib.CERP_LOT_NO | ERP批次号
展示列=wib.CEXPIRATION_TIME | 有效日期
展示列=wib.CLOSS_QTY | 调整数量
展示列=wib.CLOT_NO | 批次号
展示列=wib.CPACKING_DATETIME | 包箱时间
展示列=wib.CPACKING_ID | 包装条码ID
展示列=wib.CPI_DTL_ID | 入库明细ID
展示列=wib.CPLAIN_CODE | 料盘编码
展示列=wib.CPRINT_TIMES | 打印次数
展示列=wib.CPRODUCTION_DATETIME | 生产时间
展示列=wib.CQTY | 条码数量
展示列=wib.CREMARK | 备注
展示列=wib.CSCRAP_TIME | 条码报废时间
展示列=wib.CSO_NO | 销售订单
展示列=wib.CSOURCE_ID | 来源ID
展示列=wib.CSPLIT_DATETIME | 拆分时间
展示列=wib.CSPLIT_ID | 上级条码ID
展示列=wib.CSRC_ID | 来源记录ID
展示列=wib.CSRC_TYPE | 来源类型
展示列=wib.CSTATUS | 条码状态
展示列=wib.CSTORAGE_TIME | 入库日期
展示列=wib.CSUPPLIER_LOT_NO | 供应商批号
展示列=wib.CUNIT | 单位
展示列=wib.CUSE_QTY | 使用数量

[表 TBL_WMS_ITEM_LOCATION]
标签=物料默认货位
关键词=物料默认货位
别名=wil

[映射 item]
字段=CITEM_ID
关联=i | TBL_BD_ITEM | i.CID = wil.CITEM_ID
列=i.CITEM_NO | 料号
列=i.CITEM_NAME | 品名

[映射 location]
字段=CLOCATION_ID
关联=loc | TBL_WMS_LOCATION | loc.CID = wil.CLOCATION_ID
列=loc.CLOCATION_NAME | 货位名称
列=loc.CLOCATION_CODE | 货位编码

展示列=wil.CID | 主键ID

[表 TBL_WMS_LOCATION]
标签=仓库货位
关键词=仓库货位
别名=wl

[映射 warehouse]
字段=CWAREHOUSE_ID
关联=wh | TBL_WMS_WAREHOUSE | wh.CID = wl.CWAREHOUSE_ID
列=wh.CWAREHOUSE_NAME | 仓库名称
列=wh.CWAREHOUSE_CODE | 仓库编码

展示列=wl.CID | 主键ID
展示列=wl.CAREA_ID | 库区ID
展示列=wl.CLOCATION_CODE | 货位编码
展示列=wl.CLOCATION_NAME | 货位名称
展示列=wl.CLOCATION_SN | 货位条码
展示列=wl.CMAX_CAPACITY | 最大容量
展示列=wl.CMAX_WEIGHT | 最大重量
展示列=wl.CPACKING_SEQ | 拣货顺序
展示列=wl.CREMARK | 备注
展示列=wl.CSHELVES_CODE | 货架编码
展示列=wl.CSHELVES_NAME | 货架名称
展示列=wl.CSOURCE_ID | 来源ID
展示列=wl.CTYPE | 货位类型

[表 TBL_WMS_MI]
标签=备料单主表
关键词=备料单主表
别名=mi

[映射 warehouse]
字段=CWAREHOUSE_ID
关联=wh | TBL_WMS_WAREHOUSE | wh.CID = mi.CWAREHOUSE_ID
列=wh.CWAREHOUSE_NAME | 仓库名称
列=wh.CWAREHOUSE_CODE | 仓库编码

展示列=mi.CID | 主键ID
展示列=mi.CDEPARTMENT_CODE | 部门编码
展示列=mi.CDEPARTMENT_ID | 生产部门ID
展示列=mi.CMI_DATETIME | 备料单日期
展示列=mi.CMI_NO | 单号
展示列=mi.CMI_TYPE | 备料来源单类型
展示列=mi.CMITEM_USER | 物料员
展示列=mi.CMO | 生产工单号
展示列=mi.CREMARK | 备注
展示列=mi.CSOURCE_BILL_ID | 来源ID
展示列=mi.CSOURCE_BILL_NO | 来源单号
展示列=mi.CSOURCE_BILL_TYPE | 来源单源类型
展示列=mi.CSTATUS | 状态

[表 TBL_WMS_MI_DTL]
标签=备料单子表
关键词=备料单子表
别名=wmd

[映射 mi_id_to_wms_mi]
字段=CMI_ID
关联=wmsmi | TBL_WMS_MI | wmsmi.CID = wmd.CMI_ID
列=wmsmi.CDEPARTMENT_CODE | 部门编码
列=wmsmi.CMI_NO | 单号
列=wmsmi.CSOURCE_BILL_NO | 来源单号

[映射 item]
字段=CITEM_ID
关联=i | TBL_BD_ITEM | i.CID = wmd.CITEM_ID
列=i.CITEM_NO | 料号
列=i.CITEM_NAME | 品名

展示列=wmd.CID | 主键ID
展示列=wmd.CLOSS_RATE | 生产损耗率
展示列=wmd.CMO_QTY | 工单标准用量
展示列=wmd.CQTY | 应发数量
展示列=wmd.CREMARK | 备注
展示列=wmd.CRETURN_QTY | 退料数量
展示列=wmd.CSEND_QTY | 累计发料数量
展示列=wmd.CSOURCE_BILL_ID | 来源ID
展示列=wmd.CSOURCE_BILL_NO | 来源单号
展示列=wmd.CSOURCE_BILL_ROW | 来源单行
展示列=wmd.CSOURCE_BILL_TYPE | 来源单源类型
展示列=wmd.CSTATION_CODE | 工站编码
展示列=wmd.CSTATUS | 状态
展示列=wmd.CUNIT | 单位
展示列=wmd.CWP_CODE | 工序编码

[表 TBL_WMS_PACKAGE_IN_RECORDS_BOXES]
标签=入库记录外箱详情表
关键词=入库记录外箱详情表
别名=wpi

[映射 record_id_to_wms_package_]
字段=CRECORD_ID
关联=wmspa | TBL_WMS_PACKAGE_IN_RECORDS | wmspa.CID = wpi.CRECORD_ID
列=wmspa.CITEM_NO | 料号
列=wmspa.CLOCATION_CODE | 货位编码
列=wmspa.CP_IN_CODE | 入库单号
列=wmspa.CWAREHOUSE_CODE | 仓库编码

展示列=wpi.CID | 主键ID
展示列=wpi.CBOX_CODE | 外箱条码
展示列=wpi.CDATE_CODE | 日期码
展示列=wpi.CPCS_QTY | 箱内PCS数量
展示列=wpi.CSCRAP_QTY | 报废数量
展示列=wpi.CTYPE | 明细类型
展示列=wpi.CX_OUT | 外箱扩展标识

[表 TBL_WMS_PICKING_LOG_DTL]
标签=领料记录明细
关键词=领料记录明细
别名=wpl

[映射 picking_id_to_wms_picking_]
字段=CPICKING_ID
关联=wmspi | TBL_WMS_PICKING_LOG | wmspi.CID = wpl.CPICKING_ID
列=wmspi.CPICKING_CODE | 领料单号
列=wmspi.CUSER_NAME | 领料人

展示列=wpl.CID | 主键ID
展示列=wpl.CBARCODE_ID | 条码ID
展示列=wpl.CQTY | 领料数量
展示列=wpl.CREMARK | 备注

[表 TBL_WMS_PI_BARCODE]
标签=出入库条码表
关键词=出入库条码表
别名=wpb

[映射 pi_dtl_id_to_wms_pi_dtl]
字段=CPI_DTL_ID
关联=wmspi | TBL_WMS_PI_DTL | wmspi.CID = wpb.CPI_DTL_ID
列=wmspi.CBATCH_NO | 批号
列=wmspi.CNUMBER | 实际出入库件数
列=wmspi.CSALE_NO | 销售订单号
列=wmspi.CSOURCE_BILL_NO | 来源单单号

展示列=wpb.CID | 主键ID
展示列=wpb.CBARCODE | 条码
展示列=wpb.CQTY | 条码数量
展示列=wpb.CSTATUS | 状态

[表 TBL_WMS_PI_DTL]
标签=出入库明细表
关键词=出入库明细表
别名=wpd

[映射 pi_id_to_wms_pi]
字段=CPI_ID
关联=wmspi | TBL_WMS_PI | wmspi.CID = wpd.CPI_ID
列=wmspi.CCUSTOMER_CODE | 客户编码
列=wmspi.CDEPT_CODE | 部门编码
列=wmspi.CPI_NO | 单号
列=wmspi.CSALESMAN_CODE | 业务员编码

[映射 item]
字段=CITEM_ID
关联=i | TBL_BD_ITEM | i.CID = wpd.CITEM_ID
列=i.CITEM_NO | 料号
列=i.CITEM_NAME | 品名

展示列=wpd.CID | 主键ID
展示列=wpd.CBATCH_NO | 批号
展示列=wpd.CCYCLE | 周期
展示列=wpd.CDETAILS | 明细
展示列=wpd.CERP_STATUS | ERP接口状态
展示列=wpd.CMO | 生产工单号
展示列=wpd.CNUMBER | 实际出入库件数
展示列=wpd.CPO | 采购订单号
展示列=wpd.CQTY | 实际出入库数量
展示列=wpd.CRB_FLAG | 红蓝标识
展示列=wpd.CREMARK | 备注
展示列=wpd.CSALE_NO | 销售订单号
展示列=wpd.CSOURCE_BILL_ID | 来源单ID
展示列=wpd.CSOURCE_BILL_NO | 来源单单号
展示列=wpd.CSOURCE_BILL_TYPE | 来源单类型
展示列=wpd.CSOURCE_ID | 来源ID
展示列=wpd.CSTATUS | 状态

[表 TBL_WMS_PS_BARCODE]
标签=出货单条码表
关键词=出货单条码表
别名=wpb

[映射 ps_dtl_id_to_wms_ps_dtl]
字段=CPS_DTL_ID
关联=wmsps | TBL_WMS_PS_DTL | wmsps.CID = wpb.CPS_DTL_ID
列=wmsps.CCUSTOMER_BILL_NO | 客户订单号
列=wmsps.CCUSTOMER_ITEM_CODE | 客户物料编码
列=wmsps.CSALES_BILL_NO | 销售订单号

展示列=wpb.CID | 主键ID
展示列=wpb.CBARCODE | 条码

[表 TBL_WMS_PS_DTL]
标签=出货单明细表
关键词=出货单明细表
别名=wpd

[映射 psid_to_wms_ps]
字段=CPSID
关联=wmsps | TBL_WMS_PS | wmsps.CID = wpd.CPSID
列=wmsps.CPS_NO | 单号
列=wmsps.CSALESMAN_CODE | 业务员编码

[映射 item]
字段=CITEM_ID
关联=i | TBL_BD_ITEM | i.CID = wpd.CITEM_ID
列=i.CITEM_NO | 料号
列=i.CITEM_NAME | 品名

展示列=wpd.CID | 主键ID
展示列=wpd.CCUSTOMER_BILL_NO | 客户订单号
展示列=wpd.CCUSTOMER_BILL_ROW | 客户订单行
展示列=wpd.CCUSTOMER_ITEM_CODE | 客户物料编码
展示列=wpd.CLOC_ID | 货位ID
展示列=wpd.CMI_QTY | 备货数量
展示列=wpd.CPS_QTY | 发货数量
展示列=wpd.CQTY | 订单数量
展示列=wpd.CSALES_BILL_NO | 销售订单号
展示列=wpd.CSALES_BILL_ROW | 销售订单行
展示列=wpd.CSHIPMENTS_QTY | 累计备货数量
展示列=wpd.CSHIPMENTS_SUM_QTY | 累计出货数量
展示列=wpd.CSOURCE_BILL_ID | 来源ID
展示列=wpd.CSTATUS | 状态
展示列=wpd.CUNIT | 单位
展示列=wpd.REMARK | 备注

[表 TBL_WMS_STOCKTAKING_DTL]
标签=盘点单明细表
关键词=盘点单明细表
别名=wsd

[映射 item]
字段=CITEM_ID
关联=i | TBL_BD_ITEM | i.CID = wsd.CITEM_ID
列=i.CITEM_NO | 料号
列=i.CITEM_NAME | 品名

[映射 location]
字段=CLOCATION_ID
关联=loc | TBL_WMS_LOCATION | loc.CID = wsd.CLOCATION_ID
列=loc.CLOCATION_NAME | 货位名称
列=loc.CLOCATION_CODE | 货位编码

展示列=wsd.CID | 主键ID
展示列=wsd.CLOSS_QTY | 盘亏数量
展示列=wsd.CQTY | 盘点数量
展示列=wsd.CREMARK | 备注
展示列=wsd.CSTOCKTAKING_ID | 主表ID
展示列=wsd.CSURPLUS_QTY | 盘盈数量

[表 TBL_WMS_WAREHOUSE]
标签=仓库主数据表
关键词=仓库主数据表
别名=ww

[映射 warehouse_type_id_to_wms_warehous]
字段=CWAREHOUSE_TYPE_ID
关联=wmswa | TBL_WMS_WAREHOUSE_TYPE | wmswa.CID = ww.CWAREHOUSE_TYPE_ID
列=wmswa.CWAREHOUSE_TYPE_CODE | 类别代码
列=wmswa.CWAREHOUSE_TYPE_NAME | 类别名称

展示列=ww.CID | 主键ID
展示列=ww.CDEPARTMENT_CODE | 部门编码
展示列=ww.CIS_BATCH | 是否批号
展示列=ww.CIS_POSITION | 是否货位
展示列=ww.CIS_PRINT | 是否打条码
展示列=ww.CPERSON_ID | 管理员ID
展示列=ww.CREMARK | 备注
展示列=ww.CSOURCE_ID | 来源ID
展示列=ww.CWAREHOUSE_ADDRESS | 地址
展示列=ww.CWAREHOUSE_CODE | 仓库编码
展示列=ww.CWAREHOUSE_NAME | 仓库名称
